Component: ARM Compiler 5.05 update 1 (build 106) Tool: armlink [4d0efa]

==============================================================================

Section Cross References

    app.o(.text) refers to stm32f4xx_can.o(.text) for CAN_Transmit
    app.o(.text) refers to cfrcmple.o(.text) for __aeabi_cfrcmple
    app.o(.text) refers to f2d.o(.text) for __aeabi_f2d
    app.o(.text) refers to cdcmple.o(.text) for __aeabi_cdcmple
    app.o(.text) refers to fadd.o(.text) for __aeabi_frsub
    app.o(.text) refers to fmul.o(.text) for __aeabi_fmul
    app.o(.text) refers to cdrcmple.o(.text) for __aeabi_cdrcmple
    app.o(.text) refers to dflti.o(.text) for __aeabi_i2d
    app.o(.text) refers to dmul.o(.text) for __aeabi_dmul
    app.o(.text) refers to d2f.o(.text) for __aeabi_d2f
    app.o(.text) refers to fdiv.o(.text) for __aeabi_fdiv
    app.o(.text) refers to app.o(.data) for error_v
    app.o(.text) refers to app.o(.bss) for error_l
    app.o(.text) refers to can1.o(.data) for encoder_201
    app.o(.text) refers to can2.o(.text) for GYRO_RST
    app.o(.text) refers to stm32f4xx_gpio.o(.text) for GPIO_ResetBits
    app.o(.text) refers to ffixi.o(.text) for __aeabi_f2iz
    main.o(.text) refers to system_stm32f4xx.o(.text) for SystemInit
    main.o(.text) refers to bsp.o(.text) for NVIC_Configuration
    main.o(.text) refers to led.o(.text) for LED_Configuration
    main.o(.text) refers to stm32f4xx_gpio.o(.text) for GPIO_SetBits
    main.o(.text) refers to delay.o(.text) for delay_ms
    main.o(.text) refers to tim6.o(.data) for SYS_INIT_OK
    imu.o(.text) refers to mpu6050_driver.o(.text) for MPU6050_ReadData
    imu.o(.text) refers to dflti.o(.text) for __aeabi_i2d
    imu.o(.text) refers to dmul.o(.text) for __aeabi_dmul
    imu.o(.text) refers to f2d.o(.text) for __aeabi_f2d
    imu.o(.text) refers to dadd.o(.text) for __aeabi_dadd
    imu.o(.text) refers to d2f.o(.text) for __aeabi_d2f
    imu.o(.text) refers to fmul.o(.text) for __aeabi_fmul
    imu.o(.text) refers to cfcmple.o(.text) for __aeabi_cfcmpeq
    imu.o(.text) refers to fadd.o(.text) for __aeabi_fadd
    imu.o(.text) refers to sqrt.o(i.sqrt) for sqrt
    imu.o(.text) refers to fdiv.o(.text) for __aeabi_fdiv
    imu.o(.text) refers to mpu6050_driver.o(.data) for MPU6050_ACC_LAST
    imu.o(.text) refers to imu.o(.bss) for ACC_X_BUF
    imu.o(.text) refers to imu.o(.data) for filter_cnt
    imu.o(.text) refers to asin.o(i.asin) for asin
    imu.o(.text) refers to atan2.o(i.atan2) for atan2
    imu.o(.text) refers to fflti.o(.text) for __aeabi_i2f
    mpu6050_driver.o(.text) refers to mpu6050_i2c.o(.text) for IIC_GPIO_Init
    mpu6050_driver.o(.text) refers to printfb.o(i.__0printf$bare) for __2printf
    mpu6050_driver.o(.text) refers to delay.o(.text) for delay_ms
    mpu6050_driver.o(.text) refers to fflti.o(.text) for __aeabi_i2f
    mpu6050_driver.o(.text) refers to fadd.o(.text) for __aeabi_fadd
    mpu6050_driver.o(.text) refers to f2d.o(.text) for __aeabi_f2d
    mpu6050_driver.o(.text) refers to ddiv.o(.text) for __aeabi_ddiv
    mpu6050_driver.o(.text) refers to d2f.o(.text) for __aeabi_d2f
    mpu6050_driver.o(.text) refers to ffixi.o(.text) for __aeabi_f2iz
    mpu6050_driver.o(.text) refers to mpu6050_driver.o(.data) for MPU6050_ACC_LAST
    mpu6050_i2c.o(.text) refers to stm32f4xx_rcc.o(.text) for RCC_AHB1PeriphClockCmd
    mpu6050_i2c.o(.text) refers to stm32f4xx_gpio.o(.text) for GPIO_Init
    mpu6050_i2c.o(.text) refers to printfb.o(i.__0printf$bare) for __2printf
    bsp.o(.text) refers to misc.o(.text) for NVIC_PriorityGroupConfig
    can1.o(.text) refers to stm32f4xx_rcc.o(.text) for RCC_AHB1PeriphClockCmd
    can1.o(.text) refers to stm32f4xx_gpio.o(.text) for GPIO_PinAFConfig
    can1.o(.text) refers to misc.o(.text) for NVIC_Init
    can1.o(.text) refers to stm32f4xx_can.o(.text) for CAN_DeInit
    can1.o(.text) refers to delay.o(.text) for delay_ms
    can1.o(.text) refers to can1.o(.data) for Can1_CNT
    can1.o(.text) refers to can1.o(.bss) for CurrTemp_201
    can2.o(.text) refers to stm32f4xx_rcc.o(.text) for RCC_AHB1PeriphClockCmd
    can2.o(.text) refers to stm32f4xx_gpio.o(.text) for GPIO_PinAFConfig
    can2.o(.text) refers to misc.o(.text) for NVIC_Init
    can2.o(.text) refers to stm32f4xx_can.o(.text) for CAN_DeInit
    can2.o(.text) refers to f2d.o(.text) for __aeabi_f2d
    can2.o(.text) refers to dmul.o(.text) for __aeabi_dmul
    can2.o(.text) refers to d2f.o(.text) for __aeabi_d2f
    can2.o(.text) refers to ffixi.o(.text) for __aeabi_f2iz
    can2.o(.text) refers to fflti.o(.text) for __aeabi_i2f
    can2.o(.text) refers to fadd.o(.text) for __aeabi_fsub
    can2.o(.text) refers to cfrcmple.o(.text) for __aeabi_cfrcmple
    can2.o(.text) refers to cfcmple.o(.text) for __aeabi_cfcmple
    can2.o(.text) refers to ddiv.o(.text) for __aeabi_ddiv
    can2.o(.text) refers to dadd.o(.text) for __aeabi_dadd
[...]
    printf8.o(i.__0printf$8) refers to stdout.o(.data) for __stdout
    printf8.o(i.__0snprintf$8) refers to printf8.o(i._printf_core) for _printf_core
    printf8.o(i.__0snprintf$8) refers to printf8.o(i._snputc) for _snputc
    printf8.o(i.__0sprintf$8) refers to printf8.o(i._printf_core) for _printf_core
    printf8.o(i.__0sprintf$8) refers to printf8.o(i._sputc) for _sputc
    printf8.o(i.__0vfprintf$8) refers to printf8.o(i._printf_core) for _printf_core
    printf8.o(i.__0vfprintf$8) refers to usart1.o(.text) for fputc
    printf8.o(i.__0vprintf$8) refers to printf8.o(i._printf_core) for _printf_core
    printf8.o(i.__0vprintf$8) refers to usart1.o(.text) for fputc
    printf8.o(i.__0vprintf$8) refers to stdout.o(.data) for __stdout
    printf8.o(i.__0vsnprintf$8) refers to printf8.o(i._printf_core) for _printf_core
    printf8.o(i.__0vsnprintf$8) refers to printf8.o(i._snputc) for _snputc
    printf8.o(i.__0vsprintf$8) refers to printf8.o(i._printf_core) for _printf_core
    printf8.o(i.__0vsprintf$8) refers to printf8.o(i._sputc) for _sputc
    printf8.o(i._printf_core) refers to printf8.o(i._printf_pre_padding) for _printf_pre_padding
    printf8.o(i._printf_core) refers to uldiv.o(.text) for __aeabi_uldivmod
    printf8.o(i._printf_core) refers to printf8.o(i._printf_post_padding) for _printf_post_padding
    printfa.o(i.__0fprintf) refers (Special) to iusefp.o(.text) for __I$use$fp
    printfa.o(i.__0fprintf) refers to printfa.o(i._printf_core) for _printf_core
    printfa.o(i.__0fprintf) refers to usart1.o(.text) for fputc
    printfa.o(i.__0printf) refers (Special) to iusefp.o(.text) for __I$use$fp
    printfa.o(i.__0printf) refers to printfa.o(i._printf_core) for _printf_core
    printfa.o(i.__0printf) refers to usart1.o(.text) for fputc
    printfa.o(i.__0printf) refers to stdout.o(.data) for __stdout
    printfa.o(i.__0snprintf) refers (Special) to iusefp.o(.text) for __I$use$fp
    printfa.o(i.__0snprintf) refers to printfa.o(i._printf_core) for _printf_core
    printfa.o(i.__0snprintf) refers to printfa.o(i._snputc) for _snputc
    printfa.o(i.__0sprintf) refers (Special) to iusefp.o(.text) for __I$use$fp
    printfa.o(i.__0sprintf) refers to printfa.o(i._printf_core) for _printf_core
    printfa.o(i.__0sprintf) refers to printfa.o(i._sputc) for _sputc
    printfa.o(i.__0vfprintf) refers (Special) to iusefp.o(.text) for __I$use$fp
    printfa.o(i.__0vfprintf) refers to printfa.o(i._printf_core) for _printf_core
    printfa.o(i.__0vfprintf) refers to usart1.o(.text) for fputc
    printfa.o(i.__0vprintf) refers (Special) to iusefp.o(.text) for __I$use$fp
    printfa.o(i.__0vprintf) refers to printfa.o(i._printf_core) for _printf_core
    printfa.o(i.__0vprintf) refers to usart1.o(.text) for fputc
    printfa.o(i.__0vprintf) refers to stdout.o(.data) for __stdout
    printfa.o(i.__0vsnprintf) refers (Special) to iusefp.o(.text) for __I$use$fp
    printfa.o(i.__0vsnprintf) refers to printfa.o(i._printf_core) for _printf_core
    printfa.o(i.__0vsnprintf) refers to printfa.o(i._snputc) for _snputc
    printfa.o(i.__0vsprintf) refers (Special) to iusefp.o(.text) for __I$use$fp
    printfa.o(i.__0vsprintf) refers to printfa.o(i._printf_core) for _printf_core
    printfa.o(i.__0vsprintf) refers to printfa.o(i._sputc) for _sputc
    printfa.o(i._fp_digits) refers (Special) to iusefp.o(.text) for __I$use$fp
    printfa.o(i._fp_digits) refers to dmul.o(.text) for __aeabi_dmul
    printfa.o(i._fp_digits) refers to ddiv.o(.text) for __aeabi_ddiv
    printfa.o(i._fp_digits) refers to cdrcmple.o(.text) for __aeabi_cdrcmple
    printfa.o(i._fp_digits) refers to dadd.o(.text) for __aeabi_dadd
    printfa.o(i._fp_digits) refers to dfixul.o(.text) for __aeabi_d2ulz
    printfa.o(i._fp_digits) refers to uldiv.o(.text) for __aeabi_uldivmod
    printfa.o(i._printf_core) refers (Special) to iusefp.o(.text) for __I$use$fp
    printfa.o(i._printf_core) refers to printfa.o(i._printf_pre_padding) for _printf_pre_padding
    printfa.o(i._printf_core) refers to uldiv.o(.text) for __aeabi_uldivmod
    printfa.o(i._printf_core) refers to printfa.o(i._printf_post_padding) for _printf_post_padding
    printfa.o(i._printf_core) refers to printfa.o(i._fp_digits) for _fp_digits
    printfa.o(i._printf_core) refers to uidiv.o(.text) for __aeabi_uidivmod
    printfa.o(i._printf_post_padding) refers (Special) to iusefp.o(.text) for __I$use$fp
    printfa.o(i._printf_pre_padding) refers (Special) to iusefp.o(.text) for __I$use$fp
    printfa.o(i._snputc) refers (Special) to iusefp.o(.text) for __I$use$fp
    printfa.o(i._sputc) refers (Special) to iusefp.o(.text) for __I$use$fp
    fadd.o(.text) refers (Special) to iusefp.o(.text) for __I$use$fp
    fadd.o(.text) refers to fepilogue.o(.text) for _float_epilogue
    fmul.o(.text) refers (Special) to iusefp.o(.text) for __I$use$fp
    fdiv.o(.text) refers (Special) to iusefp.o(.text) for __I$use$fp
    fdiv.o(.text) refers to fepilogue.o(.text) for _float_round
    dadd.o(.text) refers (Special) to iusefp.o(.text) for __I$use$fp
    dadd.o(.text) refers to llshl.o(.text) for __aeabi_llsl
    dadd.o(.text) refers to llsshr.o(.text) for __aeabi_lasr
    dadd.o(.text) refers to depilogue.o(.text) for _double_epilogue
    dmul.o(.text) refers (Special) to iusefp.o(.text) for __I$use$fp
    dmul.o(.text) refers to depilogue.o(.text) for _double_epilogue
    ddiv.o(.text) refers (Special) to iusefp.o(.text) for __I$use$fp
    ddiv.o(.text) refers to depilogue.o(.text) for _double_round
    fflti.o(.text) refers (Special) to iusefp.o(.text) for __I$use$fp
    fflti.o(.text) refers to fepilogue.o(.text) for _float_epilogue
    dflti.o(.text) refers (Special) to iusefp.o(.text) for __I$use$fp
    dflti.o(.text) refers to depilogue.o(.text) for _double_epilogue
    ffixi.o(.text) refers (Special) to iusefp.o(.text) for __I$use$fp
    f2d.o(.text) refers (Special) to iusefp.o(.text) for __I$use$fp
    cdcmple.o(.text) refers (Special) to iusefp.o(.text) for __I$use$fp
    cdrcmple.o(.text) refers (Special) to iusefp.o(.text) for __I$use$fp
    d2f.o(.text) refers (Special) to iusefp.o(.text) for __I$use$fp
    d2f.o(.text) refers to fepilogue.o(.text) for _float_round
    cfcmple.o(.text) refers (Special) to iusefp.o(.text) for __I$use$fp
    cfrcmple.o(.text) refers (Special) to iusefp.o(.text) for __I$use$fp
    atan.o(i.__softfp_atan) refers (Special) to iusefp.o(.text) for __I$use$fp
    atan.o(i.__softfp_atan) refers to atan.o(i.atan) for atan
    atan.o(i.atan) refers (Special) to iusefp.o(.text) for __I$use$fp
    atan.o(i.atan) refers to dunder.o(i.__mathlib_dbl_infnan) for __mathlib_dbl_infnan
    atan.o(i.atan) refers to fpclassify.o(i.__ARM_fpclassify) for __ARM_fpclassify
    atan.o(i.atan) refers to dunder.o(i.__mathlib_dbl_underflow) for __mathlib_dbl_underflow
    atan.o(i.atan) refers to dadd.o(.text) for __aeabi_dadd
    atan.o(i.atan) refers to dscalb.o(.text) for __ARM_scalbn
    atan.o(i.atan) refers to ddiv.o(.text) for __aeabi_ddiv
    atan.o(i.atan) refers to dmul.o(.text) for __aeabi_dmul
    atan.o(i.atan) refers to poly.o(i.__kernel_poly) for __kernel_poly
    atan.o(i.atan) refers to atan.o(.constdata) for .constdata
    atan.o(.constdata) refers (Special) to iusefp.o(.text) for __I$use$fp
    atan_x.o(i.____softfp_atan$lsc) refers (Special) to iusefp.o(.text) for __I$use$fp
    atan_x.o(i.____softfp_atan$lsc) refers to atan_x.o(i.__atan$lsc) for __atan$lsc
    atan_x.o(i.__atan$lsc) refers (Special) to iusefp.o(.text) for __I$use$fp
    atan_x.o(i.__atan$lsc) refers to dunder.o(i.__mathlib_dbl_infnan) for __mathlib_dbl_infnan
    atan_x.o(i.__atan$lsc) refers to dadd.o(.text) for __aeabi_dadd
    atan_x.o(i.__atan$lsc) refers to dscalb.o(.text) for __ARM_scalbn
    atan_x.o(i.__atan$lsc) refers to ddiv.o(.text) for __aeabi_ddiv
    atan_x.o(i.__atan$lsc) refers to dmul.o(.text) for __aeabi_dmul
    atan_x.o(i.__atan$lsc) refers to poly.o(i.__kernel_poly) for __kernel_poly
    atan_x.o(i.__atan$lsc) refers to atan_x.o(.constdata) for .constdata
    atan_x.o(.constdata) refers (Special) to iusefp.o(.text) for __I$use$fp
    dunder.o(i.__mathlib_dbl_divzero) refers to ddiv.o(.text) for __aeabi_ddiv
    dunder.o(i.__mathlib_dbl_infnan) refers to dscalb.o(.text) for __ARM_scalbn
    dunder.o(i.__mathlib_dbl_infnan2) refers to dadd.o(.text) for __aeabi_dadd
    dunder.o(i.__mathlib_dbl_invalid) refers to ddiv.o(.text) for __aeabi_ddiv
    dunder.o(i.__mathlib_dbl_overflow) refers to dscalb.o(.text) for __ARM_scalbn
    dunder.o(i.__mathlib_dbl_posinfnan) refers to dmul.o(.text) for __aeabi_dmul
    dunder.o(i.__mathlib_dbl_underflow) refers to dscalb.o(.text) for __ARM_scalbn
    fpclassify.o(i.__ARM_fpclassify) refers (Special) to iusefp.o(.text) for __I$use$fp
    poly.o(i.__kernel_poly) refers (Special) to iusefp.o(.text) for __I$use$fp
    poly.o(i.__kernel_poly) refers to dmul.o(.text) for __aeabi_dmul
    poly.o(i.__kernel_poly) refers to dadd.o(.text) for __aeabi_dadd
    qnan.o(.constdata) refers (Special) to iusefp.o(.text) for __I$use$fp
    entry2.o(.ARM.Collect$$$$00000001) refers to entry2.o(.ARM.Collect$$$$00002712) for __lit__00000000
    entry2.o(.ARM.Collect$$$$00002712) refers to startup_stm32f4xx.o(STACK) for __initial_sp
    entry2.o(__vectab_stack_and_reset_area) refers to startup_stm32f4xx.o(STACK) for __initial_sp
    entry2.o(__vectab_stack_and_reset_area) refers to entry.o(.ARM.Collect$$$$00000000) for __main
    entry5.o(.ARM.Collect$$$$00000004) refers to init.o(.text) for __scatterload
    entry9a.o(.ARM.Collect$$$$0000000B) refers to main.o(.text) for main
    entry9b.o(.ARM.Collect$$$$0000000C) refers to main.o(.text) for main
    uldiv.o(.text) refers to llushr.o(.text) for __aeabi_llsr
    uldiv.o(.text) refers to llshl.o(.text) for __aeabi_llsl
    errno.o(i.__aeabi_errno_addr) refers to errno.o(.data) for .data
    errno.o(i.__read_errno) refers to errno.o(.data) for .data
    errno.o(i.__set_errno) refers to errno.o(.data) for .data
    depilogue.o(.text) refers to llshl.o(.text) for __aeabi_llsl
    depilogue.o(.text) refers to llushr.o(.text) for __aeabi_llsr
    dsqrt.o(.text) refers to llushr.o(.text) for __aeabi_llsr
    dsqrt.o(.text) refers to depilogue.o(.text) for _double_round
    dfixul.o(.text) refers to llushr.o(.text) for __aeabi_llsr
    dfixul.o(.text) refers to llshl.o(.text) for __aeabi_llsl
    init.o(.text) refers to entry5.o(.ARM.Collect$$$$00000004) for __main_after_scatterload


==============================================================================

Removing Unused input sections from the image.

    Removing stm32f4xx_it.o(.rev16_text), (4 bytes).
    Removing stm32f4xx_it.o(.revsh_text), (4 bytes).
    Removing app.o(.rev16_text), (4 bytes).
    Removing app.o(.revsh_text), (4 bytes).
    Removing global_varialbe.o(.rev16_text), (4 bytes).
    Removing global_varialbe.o(.revsh_text), (4 bytes).
    Removing global_varialbe.o(.bss), (400 bytes).
    Removing global_varialbe.o(.data), (14 bytes).
    Removing main.o(.rev16_text), (4 bytes).
    Removing main.o(.revsh_text), (4 bytes).
    Removing imu.o(.rev16_text), (4 bytes).
    Removing imu.o(.revsh_text), (4 bytes).
    Removing imu.o(.text), (1784 bytes).
    Removing imu.o(.bss), (180 bytes).
    Removing imu.o(.data), (41 bytes).
    Removing mpu6050_driver.o(.rev16_text), (4 bytes).
    Removing mpu6050_driver.o(.revsh_text), (4 bytes).
    Removing mpu6050_driver.o(.text), (660 bytes).
    Removing mpu6050_driver.o(.data), (24 bytes).
    Removing mpu6050_i2c.o(.rev16_text), (4 bytes).
    Removing mpu6050_i2c.o(.revsh_text), (4 bytes).
    Removing mpu6050_i2c.o(.text), (924 bytes).
    Removing bsp.o(.rev16_text), (4 bytes).
    Removing bsp.o(.revsh_text), (4 bytes).
    Removing can1.o(.rev16_text), (4 bytes).
    Removing can1.o(.revsh_text), (4 bytes).
    Removing can2.o(.rev16_text), (4 bytes).
    Removing can2.o(.revsh_text), (4 bytes).
    Removing usart1.o(.rev16_text), (4 bytes).
    Removing usart1.o(.revsh_text), (4 bytes).
    Removing delay.o(.rev16_text), (4 bytes).
    Removing delay.o(.revsh_text), (4 bytes).
    Removing tim6.o(.rev16_text), (4 bytes).
    Removing tim6.o(.revsh_text), (4 bytes).
    Removing led.o(.rev16_text), (4 bytes).
    Removing led.o(.revsh_text), (4 bytes).
    Removing laser.o(.rev16_text), (4 bytes).
    Removing laser.o(.revsh_text), (4 bytes).
    Removing laser.o(.text), (328 bytes).
    Removing usart2.o(.rev16_text), (4 bytes).
    Removing usart2.o(.revsh_text), (4 bytes).
    Removing pwm.o(.rev16_text), (4 bytes).
    Removing pwm.o(.revsh_text), (4 bytes).
    Removing pwm.o(.text), (232 bytes).
    Removing misc.o(.rev16_text), (4 bytes).
    Removing misc.o(.revsh_text), (4 bytes).
    Removing stm32f4xx_tim.o(.rev16_text), (4 bytes).
    Removing stm32f4xx_tim.o(.revsh_text), (4 bytes).
    Removing stm32f4xx_rcc.o(.rev16_text), (4 bytes).
    Removing stm32f4xx_rcc.o(.revsh_text), (4 bytes).
    Removing stm32f4xx_can.o(.rev16_text), (4 bytes).
    Removing stm32f4xx_can.o(.revsh_text), (4 bytes).
    Removing stm32f4xx_exti.o(.rev16_text), (4 bytes).
    Removing stm32f4xx_exti.o(.revsh_text), (4 bytes).
    Removing stm32f4xx_exti.o(.text), (284 bytes).
    Removing stm32f4xx_gpio.o(.rev16_text), (4 bytes).
    Removing stm32f4xx_gpio.o(.revsh_text), (4 bytes).
    Removing stm32f4xx_usart.o(.rev16_text), (4 bytes).
    Removing stm32f4xx_usart.o(.revsh_text), (4 bytes).
    Removing stm32f4xx_syscfg.o(.rev16_text), (4 bytes).
    Removing stm32f4xx_syscfg.o(.revsh_text), (4 bytes).
    Removing stm32f4xx_syscfg.o(.text), (140 bytes).
    Removing system_stm32f4xx.o(.rev16_text), (4 bytes).
    Removing system_stm32f4xx.o(.revsh_text), (4 bytes).
    Removing startup_stm32f4xx.o(HEAP), (512 bytes).
    Removing stm32f4xx_i2c.o(.rev16_text), (4 bytes).
    Removing stm32f4xx_i2c.o(.revsh_text), (4 bytes).
    Removing stm32f4xx_i2c.o(.text), (1064 bytes).
    Removing stm32f4xx_wwdg.o(.rev16_text), (4 bytes).
    Removing stm32f4xx_wwdg.o(.revsh_text), (4 bytes).
    Removing stm32f4xx_wwdg.o(.text), (144 bytes).
    Removing stm32f4xx_flash.o(.rev16_text), (4 bytes).
    Removing stm32f4xx_flash.o(.revsh_text), (4 bytes).
    Removing stm32f4xx_flash.o(.text), (1212 bytes).
    Removing stm32f4xx_dma.o(.rev16_text), (4 bytes).
    Removing stm32f4xx_dma.o(.revsh_text), (4 bytes).
    Removing dscalb.o(.text), (46 bytes).
    Removing dsqrt.o(.text), (162 bytes).
    Removing dfixul.o(.text), (48 bytes).

79 unused section(s) (total 8439 bytes) removed from the image.

==============================================================================

Image Symbol Table

    Local Symbols

    Symbol Name                              Value     Ov Type        Size  Object(Section)

    ../clib/microlib/division.c              0x00000000   Number         0  uidiv.o ABSOLUTE
    ../clib/microlib/division.c              0x00000000   Number         0  uldiv.o ABSOLUTE
    ../clib/microlib/errno.c                 0x00000000   Number         0  errno.o ABSOLUTE
    ../clib/microlib/init/entry.s            0x00000000   Number         0  entry9b.o ABSOLUTE
    ../clib/microlib/init/entry.s            0x00000000   Number         0  entry2.o ABSOLUTE
    ../clib/microlib/init/entry.s            0x00000000   Number         0  entry10b.o ABSOLUTE
    ../clib/microlib/init/entry.s            0x00000000   Number         0  entry11b.o ABSOLUTE
    ../clib/microlib/init/entry.s            0x00000000   Number         0  entry10a.o ABSOLUTE
    ../clib/microlib/init/entry.s            0x00000000   Number         0  entry5.o ABSOLUTE
    ../clib/microlib/init/entry.s            0x00000000   Number         0  entry9a.o ABSOLUTE
    ../clib/microlib/init/entry.s            0x00000000   Number         0  entry8b.o ABSOLUTE
    ../clib/microlib/init/entry.s            0x00000000   Number         0  entry8a.o ABSOLUTE
    ../clib/microlib/init/entry.s            0x00000000   Number         0  entry7b.o ABSOLUTE
    ../clib/microlib/init/entry.s            0x00000000   Number         0  entry7a.o ABSOLUTE
    ../clib/microlib/init/entry.s            0x00000000   Number         0  entry11a.o ABSOLUTE
    ../clib/microlib/init/entry.s            0x00000000   Number         0  entry.o ABSOLUTE
    ../clib/microlib/longlong.c              0x00000000   Number         0  llshl.o ABSOLUTE
    ../clib/microlib/longlong.c              0x00000000   Number         0  llsshr.o ABSOLUTE
    ../clib/microlib/longlong.c              0x00000000   Number         0  llushr.o ABSOLUTE
    ../clib/microlib/printf/printf.c         0x00000000   Number         0  printf3.o ABSOLUTE
    ../clib/microlib/printf/printf.c         0x00000000   Number         0  printf4.o ABSOLUTE
    ../clib/microlib/printf/printf.c         0x00000000   Number         0  printf5.o ABSOLUTE
    ../clib/microlib/printf/printf.c         0x00000000   Number         0  printf6.o ABSOLUTE
    ../clib/microlib/printf/printf.c         0x00000000   Number         0  printfa.o ABSOLUTE
    ../clib/microlib/printf/printf.c         0x00000000   Number         0  printf7.o ABSOLUTE
    ../clib/microlib/printf/printf.c         0x00000000   Number         0  printf8.o ABSOLUTE
    ../clib/microlib/printf/printf.c         0x00000000   Number         0  printfb.o ABSOLUTE
    ../clib/microlib/printf/printf.c         0x00000000   Number         0  printf0.o ABSOLUTE
    ../clib/microlib/printf/printf.c         0x00000000   Number         0  printf1.o ABSOLUTE
    ../clib/microlib/printf/printf.c         0x00000000   Number         0  printf2.o ABSOLUTE
    ../clib/microlib/stdio/streams.c         0x00000000   Number         0  stdout.o ABSOLUTE
    ../clib/microlib/stubs.s                 0x00000000   Number         0  iusefp.o ABSOLUTE
    ../fplib/microlib/d2f.c                  0x00000000   Number         0  d2f.o ABSOLUTE
    ../fplib/microlib/f2d.c                  0x00000000   Number         0  f2d.o ABSOLUTE
    ../fplib/microlib/fpadd.c                0x00000000   Number         0  dadd.o ABSOLUTE
    ../fplib/microlib/fpadd.c                0x00000000   Number         0  fadd.o ABSOLUTE
    ../fplib/microlib/fpdiv.c                0x00000000   Number         0  ddiv.o ABSOLUTE
    ../fplib/microlib/fpdiv.c                0x00000000   Number         0  fdiv.o ABSOLUTE
    ../fplib/microlib/fpepilogue.c           0x00000000   Number         0  fepilogue.o ABSOLUTE
    ../fplib/microlib/fpepilogue.c           0x00000000   Number         0  depilogue.o ABSOLUTE
    ../fplib/microlib/fpfix.c                0x00000000   Number         0  dfixul.o ABSOLUTE
    ../fplib/microlib/fpfix.c                0x00000000   Number         0  ffixi.o ABSOLUTE
    ../fplib/microlib/fpflt.c                0x00000000   Number         0  dflti.o ABSOLUTE
    ../fplib/microlib/fpflt.c                0x00000000   Number         0  fflti.o ABSOLUTE
    ../fplib/microlib/fpmul.c                0x00000000   Number         0  dmul.o ABSOLUTE
    ../fplib/microlib/fpmul.c                0x00000000   Number         0  fmul.o ABSOLUTE
    ../fplib/microlib/fpscalb.c              0x00000000   Number         0  dscalb.o ABSOLUTE
    ../fplib/microlib/fpsqrt.c               0x00000000   Number         0  dsqrt.o ABSOLUTE
    ../mathlib/asin.c                        0x00000000   Number         0  asin.o ABSOLUTE
    ../mathlib/asin.c                        0x00000000   Number         0  asin_x.o ABSOLUTE
    ../mathlib/atan.c                        0x00000000   Number         0  atan_x.o ABSOLUTE
    ../mathlib/atan.c                        0x00000000   Number         0  atan.o ABSOLUTE
    ../mathlib/atan2.c                       0x00000000   Number         0  atan2_x.o ABSOLUTE
    ../mathlib/atan2.c                       0x00000000   Number         0  atan2.o ABSOLUTE
    ../mathlib/dunder.c                      0x00000000   Number         0  dunder.o ABSOLUTE
    ../mathlib/fpclassify.c                  0x00000000   Number         0  fpclassify.o ABSOLUTE
    ../mathlib/poly.c                        0x00000000   Number         0  poly.o ABSOLUTE
    ../mathlib/qnan.c                        0x00000000   Number         0  qnan.o ABSOLUTE
    ../mathlib/sqrt.c                        0x00000000   Number         0  sqrt_x.o ABSOLUTE
    ../mathlib/sqrt.c                        0x00000000   Number         0  sqrt.o ABSOLUTE
    ..\BSP\bsp.c                             0x00000000   Number         0  bsp.o ABSOLUTE
    ..\BSP\can1.c                            0x00000000   Number         0  can1.o ABSOLUTE
    ..\BSP\can2.c                            0x00000000   Number         0  can2.o ABSOLUTE
    ..\BSP\delay.c                           0x00000000   Number         0  delay.o ABSOLUTE
    ..\BSP\laser.c                           0x00000000   Number         0  laser.o ABSOLUTE
    ..\BSP\led.c                             0x00000000   Number         0  led.o ABSOLUTE
    ..\BSP\pwm.c                             0x00000000   Number         0  pwm.o ABSOLUTE
    ..\BSP\tim6.c                            0x00000000   Number         0  tim6.o ABSOLUTE
    ..\BSP\usart1.c                          0x00000000   Number         0  usart1.o ABSOLUTE
    ..\BSP\usart2.c                          0x00000000   Number         0  usart2.o ABSOLUTE
    ..\Libraries\misc.c                      0x00000000   Number         0  misc.o ABSOLUTE
    ..\Libraries\startup_stm32f4xx.s         0x00000000   Number         0  startup_stm32f4xx.o ABSOLUTE
    ..\Libraries\stm32f4xx_can.c             0x00000000   Number         0  stm32f4xx_can.o ABSOLUTE
    ..\Libraries\stm32f4xx_dma.c             0x00000000   Number         0  stm32f4xx_dma.o ABSOLUTE
    ..\Libraries\stm32f4xx_exti.c            0x00000000   Number         0  stm32f4xx_exti.o ABSOLUTE
    ..\Libraries\stm32f4xx_flash.c           0x00000000   Number         0  stm32f4xx_flash.o ABSOLUTE
    ..\Libraries\stm32f4xx_gpio.c            0x00000000   Number         0  stm32f4xx_gpio.o ABSOLUTE
    ..\Libraries\stm32f4xx_i2c.c             0x00000000   Number         0  stm32f4xx_i2c.o ABSOLUTE
    ..\Libraries\stm32f4xx_rcc.c             0x00000000   Number         0  stm32f4xx_rcc.o ABSOLUTE
    ..\Libraries\stm32f4xx_syscfg.c          0x00000000   Number         0  stm32f4xx_syscfg.o ABSOLUTE
    ..\Libraries\stm32f4xx_tim.c             0x00000000   Number         0  stm32f4xx_tim.o ABSOLUTE
    ..\Libraries\stm32f4xx_usart.c           0x00000000   Number         0  stm32f4xx_usart.o ABSOLUTE
    ..\Libraries\stm32f4xx_wwdg.c            0x00000000   Number         0  stm32f4xx_wwdg.o ABSOLUTE
    ..\Libraries\system_stm32f4xx.c          0x00000000   Number         0  system_stm32f4xx.o ABSOLUTE
    ..\MPU6050\mpu6050_driver.c              0x00000000   Number         0  mpu6050_driver.o ABSOLUTE
    ..\MPU6050\mpu6050_i2c.c                 0x00000000   Number         0  mpu6050_i2c.o ABSOLUTE
    ..\MPU6050\mpu6050_interrupt.c           0x00000000   Number         0  mpu6050_interrupt.o ABSOLUTE
    ..\User\Imu.c                            0x00000000   Number         0  imu.o ABSOLUTE
    ..\User\app.c                            0x00000000   Number         0  app.o ABSOLUTE
    ..\User\global_varialbe.c                0x00000000   Number         0  global_varialbe.o ABSOLUTE
    ..\User\main.c                           0x00000000   Number         0  main.o ABSOLUTE
    ..\User\stm32f4xx_it.c                   0x00000000   Number         0  stm32f4xx_it.o ABSOLUTE
    ..\\BSP\\bsp.c                           0x00000000   Number         0  bsp.o ABSOLUTE
    ..\\BSP\\can1.c                          0x00000000   Number         0  can1.o ABSOLUTE
    ..\\BSP\\can2.c                          0x00000000   Number         0  can2.o ABSOLUTE
    ..\\BSP\\delay.c                         0x00000000   Number         0  delay.o ABSOLUTE
    ..\\BSP\\laser.c                         0x00000000   Number         0  laser.o ABSOLUTE
    ..\\BSP\\led.c                           0x00000000   Number         0  led.o ABSOLUTE
    ..\\BSP\\pwm.c                           0x00000000   Number         0  pwm.o ABSOLUTE
    ..\\BSP\\tim6.c                          0x00000000   Number         0  tim6.o ABSOLUTE
    ..\\BSP\\usart1.c                        0x00000000   Number         0  usart1.o ABSOLUTE
    ..\\BSP\\usart2.c                        0x00000000   Number         0  usart2.o ABSOLUTE
    ..\\Libraries\\misc.c                    0x00000000   Number         0  misc.o ABSOLUTE
    ..\\Libraries\\stm32f4xx_can.c           0x00000000   Number         0  stm32f4xx_can.o ABSOLUTE
    ..\\Libraries\\stm32f4xx_dma.c           0x00000000   Number         0  stm32f4xx_dma.o ABSOLUTE
    ..\\Libraries\\stm32f4xx_exti.c          0x00000000   Number         0  stm32f4xx_exti.o ABSOLUTE
    ..\\Libraries\\stm32f4xx_flash.c         0x00000000   Number         0  stm32f4xx_flash.o ABSOLUTE
    ..\\Libraries\\stm32f4xx_gpio.c          0x00000000   Number         0  stm32f4xx_gpio.o ABSOLUTE
    ..\\Libraries\\stm32f4xx_i2c.c           0x00000000   Number         0  stm32f4xx_i2c.o ABSOLUTE
    ..\\Libraries\\stm32f4xx_rcc.c           0x00000000   Number         0  stm32f4xx_rcc.o ABSOLUTE
    ..\\Libraries\\stm32f4xx_syscfg.c        0x00000000   Number         0  stm32f4xx_syscfg.o ABSOLUTE
    ..\\Libraries\\stm32f4xx_tim.c           0x00000000   Number         0  stm32f4xx_tim.o ABSOLUTE
    ..\\Libraries\\stm32f4xx_usart.c         0x00000000   Number         0  stm32f4xx_usart.o ABSOLUTE
    ..\\Libraries\\stm32f4xx_wwdg.c          0x00000000   Number         0  stm32f4xx_wwdg.o ABSOLUTE
    ..\\Libraries\\system_stm32f4xx.c        0x00000000   Number         0  system_stm32f4xx.o ABSOLUTE
    ..\\MPU6050\\mpu6050_driver.c            0x00000000   Number         0  mpu6050_driver.o ABSOLUTE
    ..\\MPU6050\\mpu6050_i2c.c               0x00000000   Number         0  mpu6050_i2c.o ABSOLUTE
    ..\\User\\Imu.c                          0x00000000   Number         0  imu.o ABSOLUTE
    ..\\User\\app.c                          0x00000000   Number         0  app.o ABSOLUTE
    ..\\User\\global_varialbe.c              0x00000000   Number         0  global_varialbe.o ABSOLUTE
    ..\\User\\main.c                         0x00000000   Number         0  main.o ABSOLUTE
    ..\\User\\stm32f4xx_it.c                 0x00000000   Number         0  stm32f4xx_it.o ABSOLUTE
    cdcmple.s                                0x00000000   Number         0  cdcmple.o ABSOLUTE
    cdrcmple.s                               0x00000000   Number         0  cdrcmple.o ABSOLUTE
    cfcmple.s                                0x00000000   Number         0  cfcmple.o ABSOLUTE
    cfrcmple.s                               0x00000000   Number         0  cfrcmple.o ABSOLUTE
    dc.s                                     0x00000000   Number         0  dc.o ABSOLUTE
    handlers.s                               0x00000000   Number         0  handlers.o ABSOLUTE
    init.s                                   0x00000000   Number         0  init.o ABSOLUTE
    RESET                                    0x08000000   Section      392  startup_stm32f4xx.o(RESET)
    .ARM.Collect$$$$00000000                 0x08000188   Section        0  entry.o(.ARM.Collect$$$$00000000)
    .ARM.Collect$$$$00000001                 0x08000188   Section        4  entry2.o(.ARM.Collect$$$$00000001)
    .ARM.Collect$$$$00000004                 0x0800018c   Section        4  entry5.o(.ARM.Collect$$$$00000004)
    .ARM.Collect$$$$00000008                 0x08000190   Section        0  entry7b.o(.ARM.Collect$$$$00000008)
    .ARM.Collect$$$$0000000A                 0x08000190   Section        0  entry8b.o(.ARM.Collect$$$$0000000A)
    .ARM.Collect$$$$0000000B                 0x08000190   Section        8  entry9a.o(.ARM.Collect$$$$0000000B)
    .ARM.Collect$$$$0000000D                 0x08000198   Section        0  entry10a.o(.ARM.Collect$$$$0000000D)
    .ARM.Collect$$$$0000000F                 0x08000198   Section        0  entry11a.o(.ARM.Collect$$$$0000000F)
    .ARM.Collect$$$$00002712                 0x08000198   Section        4  entry2.o(.ARM.Collect$$$$00002712)
    __lit__00000000                          0x08000198   Data           4  entry2.o(.ARM.Collect$$$$00002712)
    .text                                    0x0800019c   Section        0  stm32f4xx_it.o(.text)
    .text                                    0x080001bc   Section        0  app.o(.text)
    .text                                    0x08000800   Section        0  main.o(.text)
    .text                                    0x0800084c   Section        0  bsp.o(.text)
    .text                                    0x08000874   Section        0  can1.o(.text)
    .text                                    0x08001058   Section        0  can2.o(.text)
    .text                                    0x08001618   Section        0  usart1.o(.text)
    RS232_VisualScope_CRC16                  0x080016fd   Thumb Code    58  usart1.o(.text)
    .text                                    0x080017a0   Section        0  delay.o(.text)
    .text                                    0x080017d8   Section        0  tim6.o(.text)
    .text                                    0x08001900   Section        0  led.o(.text)
    .text                                    0x08001944   Section        0  usart2.o(.text)
    .text                                    0x08001a68   Section        0  misc.o(.text)
    .text                                    0x08001b48   Section        0  stm32f4xx_tim.o(.text)
    TI4_Config                               0x080022e7   Thumb Code    80  stm32f4xx_tim.o(.text)
    TI3_Config                               0x08002349   Thumb Code    72  stm32f4xx_tim.o(.text)
    TI2_Config                               0x080023ab   Thumb Code    90  stm32f4xx_tim.o(.text)
    TI1_Config                               0x08002417   Thumb Code    58  stm32f4xx_tim.o(.text)
    .text                                    0x080027ec   Section        0  stm32f4xx_rcc.o(.text)
    .text                                    0x08002d74   Section        0  stm32f4xx_can.o(.text)
    CheckITStatus                            0x08003577   Thumb Code    18  stm32f4xx_can.o(.text)
    .text                                    0x08003764   Section        0  stm32f4xx_gpio.o(.text)
    .text                                    0x080039c0   Section        0  stm32f4xx_usart.o(.text)
    .text                                    0x08003ddc   Section        0  system_stm32f4xx.o(.text)
    SetSysClock                              0x08003ddd   Thumb Code   220  system_stm32f4xx.o(.text)
    .text                                    0x08003fdc   Section       36  startup_stm32f4xx.o(.text)
    .text                                    0x08004000   Section        0  stm32f4xx_dma.o(.text)
    .text                                    0x080043a8   Section        0  fadd.o(.text)
    .text                                    0x08004458   Section        0  fmul.o(.text)
    .text                                    0x080044bc   Section        0  fdiv.o(.text)
    .text                                    0x08004538   Section        0  dadd.o(.text)
    .text                                    0x08004686   Section        0  dmul.o(.text)
    .text                                    0x0800476a   Section        0  ddiv.o(.text)
    .text                                    0x08004848   Section        0  fflti.o(.text)
    .text                                    0x0800485a   Section        0  dflti.o(.text)
    .text                                    0x0800487c   Section        0  ffixi.o(.text)
    .text                                    0x080048ae   Section        0  f2d.o(.text)
    .text                                    0x080048d4   Section       48  cdcmple.o(.text)
    .text                                    0x08004904   Section       48  cdrcmple.o(.text)
    .text                                    0x08004934   Section        0  d2f.o(.text)
    .text                                    0x0800496c   Section       20  cfcmple.o(.text)
    .text                                    0x08004980   Section       20  cfrcmple.o(.text)
    .text                                    0x08004994   Section        0  llshl.o(.text)
    .text                                    0x080049b2   Section        0  llsshr.o(.text)
    .text                                    0x080049d6   Section        0  fepilogue.o(.text)
    .text                                    0x080049d6   Section        0  iusefp.o(.text)
    .text                                    0x08004a44   Section        0  depilogue.o(.text)
    .text                                    0x08004b00   Section       36  init.o(.text)
    .text                                    0x08004b24   Section        0  llushr.o(.text)
    i.__scatterload_copy                     0x08004b44   Section       14  handlers.o(i.__scatterload_copy)
    i.__scatterload_null                     0x08004b52   Section        2  handlers.o(i.__scatterload_null)
    i.__scatterload_zeroinit                 0x08004b54   Section       14  handlers.o(i.__scatterload_zeroinit)
    .data                                    0x20000000   Section      108  app.o(.data)
    error_v                                  0x2000003c   Data           8  app.o(.data)
    output                                   0x20000044   Data           4  app.o(.data)
    error_l                                  0x20000048   Data           8  app.o(.data)
    output                                   0x20000050   Data           4  app.o(.data)
    inte                                     0x20000054   Data           4  app.o(.data)
    error_v                                  0x20000058   Data           8  app.o(.data)
    output                                   0x20000060   Data           4  app.o(.data)
    output                                   0x20000064   Data           4  app.o(.data)
    inte                                     0x20000068   Data           4  app.o(.data)
    .data                                    0x2000006c   Section       38  can1.o(.data)
    .data                                    0x20000094   Section       52  can2.o(.data)
    .data                                    0x200000c8   Section       20  tim6.o(.data)
    .data                                    0x200000dc   Section       16  stm32f4xx_rcc.o(.data)
    APBAHBPrescTable                         0x200000dc   Data          16  stm32f4xx_rcc.o(.data)
    .data                                    0x200000ec   Section       20  system_stm32f4xx.o(.data)
    .bss                                     0x20000100   Section       52  app.o(.bss)
    error_l                                  0x20000128   Data          12  app.o(.bss)
    .bss                                     0x20000134   Section      400  can1.o(.bss)
    .bss                                     0x200002c4   Section       12  usart2.o(.bss)
    STACK                                    0x200002d0   Section     1024  startup_stm32f4xx.o(STACK)

    Global Symbols

    Symbol Name                              Value     Ov Type        Size  Object(Section)

    BuildAttributes$$THM_ISAv4$E$P$D$K$B$S$7EM$PE$A:L22UL41UL21$X:L11$S22US41US21$IEEE1$IW$USESV6$~STKCKD$USESV7$~SHL$OTIME$ROPI$IEEEX$EBA8$MICROLIB$REQ8$PRES8$EABIv2 0x00000000   Number         0  anon$$obj.o ABSOLUTE
    __ARM_use_no_argv                        0x00000000   Number         0  main.o ABSOLUTE
    __cpp_initialize__aeabi_                  - Undefined Weak Reference
    __cxa_finalize                            - Undefined Weak Reference
    __decompress                              - Undefined Weak Reference
    _clock_init                               - Undefined Weak Reference
    _microlib_exit                            - Undefined Weak Reference
    __Vectors_Size                           0x00000188   Number         0  startup_stm32f4xx.o ABSOLUTE
    __Vectors                                0x08000000   Data           4  startup_stm32f4xx.o(RESET)
    __Vectors_End                            0x08000188   Data           0  startup_stm32f4xx.o(RESET)
    __main                                   0x08000189   Thumb Code     0  entry.o(.ARM.Collect$$$$00000000)
    _main_stk                                0x08000189   Thumb Code     0  entry2.o(.ARM.Collect$$$$00000001)
    _main_scatterload                        0x0800018d   Thumb Code     0  entry5.o(.ARM.Collect$$$$00000004)
    __main_after_scatterload                 0x08000191   Thumb Code     0  entry5.o(.ARM.Collect$$$$00000004)
    _main_clock                              0x08000191   Thumb Code     0  entry7b.o(.ARM.Collect$$$$00000008)
    _main_cpp_init                           0x08000191   Thumb Code     0  entry8b.o(.ARM.Collect$$$$0000000A)
    _main_init                               0x08000191   Thumb Code     0  entry9a.o(.ARM.Collect$$$$0000000B)
    __rt_final_cpp                           0x08000199   Thumb Code     0  entry10a.o(.ARM.Collect$$$$0000000D)
    __rt_final_exit                          0x08000199   Thumb Code     0  entry11a.o(.ARM.Collect$$$$0000000F)
    SysTick_Handler                          0x0800019d   Thumb Code     2  stm32f4xx_it.o(.text)
    DMA1_Stream2_IRQHandler                  0x0800019f   Thumb Code     2  stm32f4xx_it.o(.text)
    DMA1_Stream4_IRQHandler                  0x080001a1   Thumb Code     2  stm32f4xx_it.o(.text)
    NMI_Handler                              0x080001a3   Thumb Code     2  stm32f4xx_it.o(.text)
    HardFault_Handler                        0x080001a5   Thumb Code     4  stm32f4xx_it.o(.text)
    MemManage_Handler                        0x080001a9   Thumb Code     4  stm32f4xx_it.o(.text)
    BusFault_Handler                         0x080001ad   Thumb Code     4  stm32f4xx_it.o(.text)
    UsageFault_Handler                       0x080001b1   Thumb Code     4  stm32f4xx_it.o(.text)
    SVC_Handler                              0x080001b5   Thumb Code     2  stm32f4xx_it.o(.text)
    DebugMon_Handler                         0x080001b7   Thumb Code     2  stm32f4xx_it.o(.text)
    PendSV_Handler                           0x080001b9   Thumb Code     2  stm32f4xx_it.o(.text)
    Cmd_ESC                                  0x080001bd   Thumb Code    84  app.o(.text)
    Velocity_Control_201                     0x08000211   Thumb Code   176  app.o(.text)
    Position_Control_201                     0x080002c1   Thumb Code   178  app.o(.text)
    Velocity_Control_202                     0x08000373   Thumb Code   176  app.o(.text)
    Position_Control_202                     0x08000423   Thumb Code   238  app.o(.text)
    Gimbal_Control                           0x08000511   Thumb Code   704  app.o(.text)
    main                                     0x08000801   Thumb Code    66  main.o(.text)
    NVIC_Configuration                       0x0800084d   Thumb Code    40  bsp.o(.text)
    CAN1_Configuration                       0x08000875   Thumb Code   262  can1.o(.text)
    CurrentProtect                           0x0800097b   Thumb Code   232  can1.o(.text)
    CAN1_TX_IRQHandler                       0x08000a63   Thumb Code    28  can1.o(.text)
    CAN1_RX0_IRQHandler                      0x08000a7f   Thumb Code   308  can1.o(.text)
    Motor_Reset                              0x08000bb3   Thumb Code   148  can1.o(.text)
    Motor_Init                               0x08000c47   Thumb Code   306  can1.o(.text)
    Motor_PWM_Set                            0x08000d79   Thumb Code   162  can1.o(.text)
    Motor_Speed_Set                          0x08000e1b   Thumb Code   172  can1.o(.text)
    Motor_PWM_Location_Set                   0x08000ec7   Thumb Code   188  can1.o(.text)
    Motor_Speed_Location_Set                 0x08000f83   Thumb Code   198  can1.o(.text)
    CAN2_Configuration                       0x08001059   Thumb Code   238  can2.o(.text)
    GYRO_RST                                 0x08001147   Thumb Code    86  can2.o(.text)
    Encoder_sent                             0x0800119d   Thumb Code   134  can2.o(.text)
    Radio_Sent                               0x08001223   Thumb Code    96  can2.o(.text)
    CAN2_RX0_IRQHandler                      0x08001283   Thumb Code   870  can2.o(.text)
    USART1_Configuration                     0x08001619   Thumb Code   168  usart1.o(.text)
    USART1_SendChar                          0x080016c1   Thumb Code    28  usart1.o(.text)
    fputc                                    0x080016dd   Thumb Code    32  usart1.o(.text)
    RS232_VisualScope                        0x08001737   Thumb Code    70  usart1.o(.text)
    USART1_IRQHandler                        0x0800177d   Thumb Code    26  usart1.o(.text)
    delay_ms                                 0x080017a1   Thumb Code    28  delay.o(.text)
    delay_us                                 0x080017bd   Thumb Code    26  delay.o(.text)
    TIM6_Configuration                       0x080017d9   Thumb Code    72  tim6.o(.text)
    TIM6_Start                               0x08001821   Thumb Code    30  tim6.o(.text)
    TIM6_DAC_IRQHandler                      0x0800183f   Thumb Code     2  tim6.o(.text)
    Timer2_Init                              0x08001841   Thumb Code    60  tim6.o(.text)
    TIM2_IRQHandler                          0x0800187d   Thumb Code   102  tim6.o(.text)
    LED_Configuration                        0x08001901   Thumb Code    64  led.o(.text)
    USART2_Configuration                     0x08001945   Thumb Code   264  usart2.o(.text)
    DMA2_Stream5_IRQHandler                  0x08001a4d   Thumb Code     2  usart2.o(.text)
    NVIC_PriorityGroupConfig                 0x08001a69   Thumb Code    10  misc.o(.text)
    NVIC_Init                                0x08001a73   Thumb Code   106  misc.o(.text)
    NVIC_SetVectorTable                      0x08001add   Thumb Code    14  misc.o(.text)
    NVIC_SystemLPConfig                      0x08001aeb   Thumb Code    34  misc.o(.text)
    SysTick_CLKSourceConfig                  0x08001b0d   Thumb Code    40  misc.o(.text)
    TIM_DeInit                               0x08001b49   Thumb Code   346  stm32f4xx_tim.o(.text)
    TIM_TimeBaseInit                         0x08001ca3   Thumb Code   104  stm32f4xx_tim.o(.text)
    TIM_TimeBaseStructInit                   0x08001d0b   Thumb Code    18  stm32f4xx_tim.o(.text)
    TIM_PrescalerConfig                      0x08001d1d   Thumb Code     6  stm32f4xx_tim.o(.text)
    TIM_CounterModeConfig                    0x08001d23   Thumb Code    18  stm32f4xx_tim.o(.text)
    TIM_SetCounter                           0x08001d35   Thumb Code     4  stm32f4xx_tim.o(.text)
    TIM_SetAutoreload                        0x08001d39   Thumb Code     4  stm32f4xx_tim.o(.text)
    TIM_GetCounter                           0x08001d3d   Thumb Code     6  stm32f4xx_tim.o(.text)
    TIM_GetPrescaler                         0x08001d43   Thumb Code     6  stm32f4xx_tim.o(.text)
    TIM_UpdateDisableConfig                  0x08001d49   Thumb Code    24  stm32f4xx_tim.o(.text)
    TIM_UpdateRequestConfig                  0x08001d61   Thumb Code    24  stm32f4xx_tim.o(.text)
    TIM_ARRPreloadConfig                     0x08001d79   Thumb Code    24  stm32f4xx_tim.o(.text)
    TIM_SelectOnePulseMode                   0x08001d91   Thumb Code    18  stm32f4xx_tim.o(.text)
    TIM_SetClockDivision                     0x08001da3   Thumb Code    18  stm32f4xx_tim.o(.text)
    TIM_Cmd                                  0x08001db5   Thumb Code    24  stm32f4xx_tim.o(.text)
    TIM_OC1Init                              0x08001dcd   Thumb Code   114  stm32f4xx_tim.o(.text)
    TIM_OC2Init                              0x08001e3f   Thumb Code   154  stm32f4xx_tim.o(.text)
    TIM_OC3Init                              0x08001ed9   Thumb Code   204  stm32f4xx_tim.o(.text)
    TIM_OC4Init                              0x08001fa5   Thumb Code   112  stm32f4xx_tim.o(.text)
    TIM_OCStructInit                         0x08002015   Thumb Code    20  stm32f4xx_tim.o(.text)
    TIM_SelectOCxM                           0x08002029   Thumb Code    86  stm32f4xx_tim.o(.text)
    TIM_SetCompare1                          0x0800207f   Thumb Code     4  stm32f4xx_tim.o(.text)
    TIM_SetCompare2                          0x08002083   Thumb Code     4  stm32f4xx_tim.o(.text)
    TIM_SetCompare3                          0x08002087   Thumb Code     4  stm32f4xx_tim.o(.text)
    TIM_SetCompare4                          0x0800208b   Thumb Code     4  stm32f4xx_tim.o(.text)
    TIM_ForcedOC1Config                      0x0800208f   Thumb Code    18  stm32f4xx_tim.o(.text)
    TIM_ForcedOC2Config                      0x080020a1   Thumb Code    26  stm32f4xx_tim.o(.text)
    TIM_ForcedOC3Config                      0x080020bb   Thumb Code    18  stm32f4xx_tim.o(.text)
    TIM_ForcedOC4Config                      0x080020cd   Thumb Code    26  stm32f4xx_tim.o(.text)
    TIM_OC1PreloadConfig                     0x080020e7   Thumb Code    18  stm32f4xx_tim.o(.text)
    TIM_OC2PreloadConfig                     0x080020f9   Thumb Code    26  stm32f4xx_tim.o(.text)
    TIM_OC3PreloadConfig                     0x08002113   Thumb Code    18  stm32f4xx_tim.o(.text)
    TIM_OC4PreloadConfig                     0x08002125   Thumb Code    26  stm32f4xx_tim.o(.text)
    TIM_OC1FastConfig                        0x0800213f   Thumb Code    18  stm32f4xx_tim.o(.text)
    TIM_OC2FastConfig                        0x08002151   Thumb Code    26  stm32f4xx_tim.o(.text)
    TIM_OC3FastConfig                        0x0800216b   Thumb Code    18  stm32f4xx_tim.o(.text)
    TIM_OC4FastConfig                        0x0800217d   Thumb Code    26  stm32f4xx_tim.o(.text)
    TIM_ClearOC1Ref                          0x08002197   Thumb Code    18  stm32f4xx_tim.o(.text)
    TIM_ClearOC2Ref                          0x080021a9   Thumb Code    24  stm32f4xx_tim.o(.text)
    TIM_ClearOC3Ref                          0x080021c1   Thumb Code    18  stm32f4xx_tim.o(.text)
    TIM_ClearOC4Ref                          0x080021d3   Thumb Code    24  stm32f4xx_tim.o(.text)
    TIM_OC1PolarityConfig                    0x080021eb   Thumb Code    18  stm32f4xx_tim.o(.text)
    TIM_OC1NPolarityConfig                   0x080021fd   Thumb Code    18  stm32f4xx_tim.o(.text)
    TIM_OC2PolarityConfig                    0x0800220f   Thumb Code    26  stm32f4xx_tim.o(.text)
    TIM_OC2NPolarityConfig                   0x08002229   Thumb Code    26  stm32f4xx_tim.o(.text)
    TIM_OC3PolarityConfig                    0x08002243   Thumb Code    26  stm32f4xx_tim.o(.text)
    TIM_OC3NPolarityConfig                   0x0800225d   Thumb Code    26  stm32f4xx_tim.o(.text)
    TIM_OC4PolarityConfig                    0x08002277   Thumb Code    26  stm32f4xx_tim.o(.text)
    TIM_CCxCmd                               0x08002291   Thumb Code    30  stm32f4xx_tim.o(.text)
    TIM_CCxNCmd                              0x080022af   Thumb Code    30  stm32f4xx_tim.o(.text)
    TIM_SetIC4Prescaler                      0x080022cd   Thumb Code    26  stm32f4xx_tim.o(.text)
    TIM_SetIC3Prescaler                      0x08002337   Thumb Code    18  stm32f4xx_tim.o(.text)
    TIM_SetIC2Prescaler                      0x08002391   Thumb Code    26  stm32f4xx_tim.o(.text)
    TIM_SetIC1Prescaler                      0x08002405   Thumb Code    18  stm32f4xx_tim.o(.text)
    TIM_ICInit                               0x08002451   Thumb Code   110  stm32f4xx_tim.o(.text)
    TIM_ICStructInit                         0x080024bf   Thumb Code    18  stm32f4xx_tim.o(.text)
    TIM_PWMIConfig                           0x080024d1   Thumb Code   124  stm32f4xx_tim.o(.text)
    TIM_GetCapture1                          0x0800254d   Thumb Code     6  stm32f4xx_tim.o(.text)
    TIM_GetCapture2                          0x08002553   Thumb Code     6  stm32f4xx_tim.o(.text)
    TIM_GetCapture3                          0x08002559   Thumb Code     6  stm32f4xx_tim.o(.text)
    TIM_GetCapture4                          0x0800255f   Thumb Code     6  stm32f4xx_tim.o(.text)
    TIM_BDTRConfig                           0x08002565   Thumb Code    32  stm32f4xx_tim.o(.text)
    TIM_BDTRStructInit                       0x08002585   Thumb Code    18  stm32f4xx_tim.o(.text)
    TIM_CtrlPWMOutputs                       0x08002597   Thumb Code    30  stm32f4xx_tim.o(.text)
    TIM_SelectCOM                            0x080025b5   Thumb Code    24  stm32f4xx_tim.o(.text)
    TIM_CCPreloadControl                     0x080025cd   Thumb Code    24  stm32f4xx_tim.o(.text)
    TIM_ITConfig                             0x080025e5   Thumb Code    18  stm32f4xx_tim.o(.text)
    TIM_GenerateEvent                        0x080025f7   Thumb Code     4  stm32f4xx_tim.o(.text)
    TIM_GetFlagStatus                        0x080025fb   Thumb Code    18  stm32f4xx_tim.o(.text)
    TIM_ClearFlag                            0x0800260d   Thumb Code     6  stm32f4xx_tim.o(.text)
    TIM_GetITStatus                          0x08002613   Thumb Code    34  stm32f4xx_tim.o(.text)
    TIM_ClearITPendingBit                    0x08002635   Thumb Code     6  stm32f4xx_tim.o(.text)
    TIM_DMAConfig                            0x0800263b   Thumb Code    10  stm32f4xx_tim.o(.text)
    TIM_DMACmd                               0x08002645   Thumb Code    18  stm32f4xx_tim.o(.text)
    TIM_SelectCCDMA                          0x08002657   Thumb Code    24  stm32f4xx_tim.o(.text)
    TIM_InternalClockConfig                  0x0800266f   Thumb Code    12  stm32f4xx_tim.o(.text)
    TIM_SelectInputTrigger                   0x0800267b   Thumb Code    18  stm32f4xx_tim.o(.text)
    TIM_ITRxExternalClockConfig              0x0800268d   Thumb Code    24  stm32f4xx_tim.o(.text)
    TIM_TIxExternalClockConfig               0x080026a5   Thumb Code    62  stm32f4xx_tim.o(.text)
    TIM_ETRConfig                            0x080026e3   Thumb Code    28  stm32f4xx_tim.o(.text)
    TIM_ETRClockMode1Config                  0x080026ff   Thumb Code    54  stm32f4xx_tim.o(.text)
    TIM_ETRClockMode2Config                  0x08002735   Thumb Code    32  stm32f4xx_tim.o(.text)
    TIM_SelectOutputTrigger                  0x08002755   Thumb Code    18  stm32f4xx_tim.o(.text)
    TIM_SelectSlaveMode                      0x08002767   Thumb Code    18  stm32f4xx_tim.o(.text)
    TIM_SelectMasterSlaveMode                0x08002779   Thumb Code    18  stm32f4xx_tim.o(.text)
    TIM_EncoderInterfaceConfig               0x0800278b   Thumb Code    66  stm32f4xx_tim.o(.text)
    TIM_SelectHallSensor                     0x080027cd   Thumb Code    24  stm32f4xx_tim.o(.text)
    TIM_RemapConfig                          0x080027e5   Thumb Code     6  stm32f4xx_tim.o(.text)
    RCC_DeInit                               0x080027ed   Thumb Code    60  stm32f4xx_rcc.o(.text)
    RCC_HSEConfig                            0x08002829   Thumb Code    14  stm32f4xx_rcc.o(.text)
    RCC_GetFlagStatus                        0x08002837   Thumb Code    60  stm32f4xx_rcc.o(.text)
    RCC_WaitForHSEStartUp                    0x08002873   Thumb Code    56  stm32f4xx_rcc.o(.text)
    RCC_AdjustHSICalibrationValue            0x080028ab   Thumb Code    20  stm32f4xx_rcc.o(.text)
    RCC_HSICmd                               0x080028bf   Thumb Code     6  stm32f4xx_rcc.o(.text)
    RCC_LSEConfig                            0x080028c5   Thumb Code    46  stm32f4xx_rcc.o(.text)
    RCC_LSICmd                               0x080028f3   Thumb Code     6  stm32f4xx_rcc.o(.text)
    RCC_PLLConfig                            0x080028f9   Thumb Code    32  stm32f4xx_rcc.o(.text)
    RCC_PLLCmd                               0x08002919   Thumb Code     6  stm32f4xx_rcc.o(.text)
    RCC_PLLI2SConfig                         0x0800291f   Thumb Code    14  stm32f4xx_rcc.o(.text)
    RCC_PLLI2SCmd                            0x0800292d   Thumb Code     6  stm32f4xx_rcc.o(.text)
    RCC_ClockSecuritySystemCmd               0x08002933   Thumb Code     6  stm32f4xx_rcc.o(.text)
    RCC_MCO1Config                           0x08002939   Thumb Code    28  stm32f4xx_rcc.o(.text)
    RCC_MCO2Config                           0x08002955   Thumb Code    28  stm32f4xx_rcc.o(.text)
    RCC_SYSCLKConfig                         0x08002971   Thumb Code    20  stm32f4xx_rcc.o(.text)
    RCC_GetSYSCLKSource                      0x08002985   Thumb Code    12  stm32f4xx_rcc.o(.text)
    RCC_HCLKConfig                           0x08002991   Thumb Code    20  stm32f4xx_rcc.o(.text)
    RCC_PCLK1Config                          0x080029a5   Thumb Code    20  stm32f4xx_rcc.o(.text)
    RCC_PCLK2Config                          0x080029b9   Thumb Code    22  stm32f4xx_rcc.o(.text)
    RCC_GetClocksFreq                        0x080029cf   Thumb Code   222  stm32f4xx_rcc.o(.text)
    RCC_RTCCLKConfig                         0x08002aad   Thumb Code    54  stm32f4xx_rcc.o(.text)
    RCC_RTCCLKCmd                            0x08002ae3   Thumb Code     8  stm32f4xx_rcc.o(.text)
    RCC_BackupResetCmd                       0x08002aeb   Thumb Code     8  stm32f4xx_rcc.o(.text)
    RCC_I2SCLKConfig                         0x08002af3   Thumb Code     6  stm32f4xx_rcc.o(.text)
    RCC_AHB1PeriphClockCmd                   0x08002af9   Thumb Code    34  stm32f4xx_rcc.o(.text)
    RCC_AHB2PeriphClockCmd                   0x08002b1b   Thumb Code    34  stm32f4xx_rcc.o(.text)
    RCC_AHB3PeriphClockCmd                   0x08002b3d   Thumb Code    34  stm32f4xx_rcc.o(.text)
    RCC_APB1PeriphClockCmd                   0x08002b5f   Thumb Code    34  stm32f4xx_rcc.o(.text)
    RCC_APB2PeriphClockCmd                   0x08002b81   Thumb Code    34  stm32f4xx_rcc.o(.text)
    RCC_AHB1PeriphResetCmd                   0x08002ba3   Thumb Code    34  stm32f4xx_rcc.o(.text)
    RCC_AHB2PeriphResetCmd                   0x08002bc5   Thumb Code    72  stm32f4xx_rcc.o(.text)
    RCC_AHB3PeriphResetCmd                   0x08002c0d   Thumb Code    34  stm32f4xx_rcc.o(.text)
    RCC_APB1PeriphResetCmd                   0x08002c2f   Thumb Code    34  stm32f4xx_rcc.o(.text)
    RCC_APB2PeriphResetCmd                   0x08002c51   Thumb Code    34  stm32f4xx_rcc.o(.text)
    RCC_AHB1PeriphClockLPModeCmd             0x08002c73   Thumb Code    34  stm32f4xx_rcc.o(.text)
    RCC_AHB2PeriphClockLPModeCmd             0x08002c95   Thumb Code    34  stm32f4xx_rcc.o(.text)
    RCC_AHB3PeriphClockLPModeCmd             0x08002cb7   Thumb Code    34  stm32f4xx_rcc.o(.text)
    RCC_APB1PeriphClockLPModeCmd             0x08002cd9   Thumb Code    34  stm32f4xx_rcc.o(.text)
    RCC_APB2PeriphClockLPModeCmd             0x08002cfb   Thumb Code    34  stm32f4xx_rcc.o(.text)
    RCC_ITConfig                             0x08002d1d   Thumb Code    34  stm32f4xx_rcc.o(.text)
    RCC_ClearFlag                            0x08002d3f   Thumb Code    18  stm32f4xx_rcc.o(.text)
    RCC_GetITStatus                          0x08002d51   Thumb Code    22  stm32f4xx_rcc.o(.text)
    RCC_ClearITPendingBit                    0x08002d67   Thumb Code     8  stm32f4xx_rcc.o(.text)
    CAN_DeInit                               0x08002d75   Thumb Code    50  stm32f4xx_can.o(.text)
    CAN_Init                                 0x08002da7   Thumb Code   276  stm32f4xx_can.o(.text)
    CAN_FilterInit                           0x08002ebb   Thumb Code   258  stm32f4xx_can.o(.text)
    CAN_StructInit                           0x08002fbd   Thumb Code    32  stm32f4xx_can.o(.text)
    CAN_SlaveStartBank                       0x08002fdd   Thumb Code    48  stm32f4xx_can.o(.text)
    CAN_DBGFreeze                            0x0800300d   Thumb Code    22  stm32f4xx_can.o(.text)
    CAN_TTComModeCmd                         0x08003023   Thumb Code   118  stm32f4xx_can.o(.text)
    CAN_Transmit                             0x08003099   Thumb Code   304  stm32f4xx_can.o(.text)
    CAN_TransmitStatus                       0x080031c9   Thumb Code   138  stm32f4xx_can.o(.text)
    CAN_CancelTransmit                       0x08003253   Thumb Code    48  stm32f4xx_can.o(.text)
    CAN_Receive                              0x08003283   Thumb Code   240  stm32f4xx_can.o(.text)
    CAN_FIFORelease                          0x08003373   Thumb Code    22  stm32f4xx_can.o(.text)
    CAN_MessagePending                       0x08003389   Thumb Code    30  stm32f4xx_can.o(.text)
    CAN_OperatingModeRequest                 0x080033a7   Thumb Code   162  stm32f4xx_can.o(.text)
    CAN_Sleep                                0x08003449   Thumb Code    30  stm32f4xx_can.o(.text)
    CAN_WakeUp                               0x08003467   Thumb Code    48  stm32f4xx_can.o(.text)
    CAN_GetLastErrorCode                     0x08003497   Thumb Code    12  stm32f4xx_can.o(.text)
    CAN_GetReceiveErrorCounter               0x080034a3   Thumb Code    10  stm32f4xx_can.o(.text)
    CAN_GetLSBTransmitErrorCounter           0x080034ad   Thumb Code    12  stm32f4xx_can.o(.text)
    CAN_ITConfig                             0x080034b9   Thumb Code    18  stm32f4xx_can.o(.text)
    CAN_GetFlagStatus                        0x080034cb   Thumb Code   120  stm32f4xx_can.o(.text)
    CAN_ClearFlag                            0x08003543   Thumb Code    52  stm32f4xx_can.o(.text)
    CAN_GetITStatus                          0x08003589   Thumb Code   310  stm32f4xx_can.o(.text)
    CAN_ClearITPendingBit                    0x080036bf   Thumb Code   162  stm32f4xx_can.o(.text)
    GPIO_DeInit                              0x08003765   Thumb Code   220  stm32f4xx_gpio.o(.text)
    GPIO_Init                                0x08003841   Thumb Code   144  stm32f4xx_gpio.o(.text)
    GPIO_StructInit                          0x080038d1   Thumb Code    18  stm32f4xx_gpio.o(.text)
    GPIO_PinLockConfig                       0x080038e3   Thumb Code    34  stm32f4xx_gpio.o(.text)
    GPIO_ReadInputDataBit                    0x08003905   Thumb Code    18  stm32f4xx_gpio.o(.text)
    GPIO_ReadInputData                       0x08003917   Thumb Code     8  stm32f4xx_gpio.o(.text)
    GPIO_ReadOutputDataBit                   0x0800391f   Thumb Code    18  stm32f4xx_gpio.o(.text)
    GPIO_ReadOutputData                      0x08003931   Thumb Code     8  stm32f4xx_gpio.o(.text)
    GPIO_SetBits                             0x08003939   Thumb Code     4  stm32f4xx_gpio.o(.text)
    GPIO_ResetBits                           0x0800393d   Thumb Code     4  stm32f4xx_gpio.o(.text)
    GPIO_WriteBit                            0x08003941   Thumb Code    10  stm32f4xx_gpio.o(.text)
    GPIO_Write                               0x0800394b   Thumb Code     4  stm32f4xx_gpio.o(.text)
    GPIO_ToggleBits                          0x0800394f   Thumb Code     8  stm32f4xx_gpio.o(.text)
    GPIO_PinAFConfig                         0x08003957   Thumb Code    70  stm32f4xx_gpio.o(.text)
    USART_DeInit                             0x080039c1   Thumb Code   156  stm32f4xx_usart.o(.text)
    USART_Init                               0x08003a5d   Thumb Code   204  stm32f4xx_usart.o(.text)
    USART_StructInit                         0x08003b29   Thumb Code    24  stm32f4xx_usart.o(.text)
    USART_ClockInit                          0x08003b41   Thumb Code    32  stm32f4xx_usart.o(.text)
    USART_ClockStructInit                    0x08003b61   Thumb Code    12  stm32f4xx_usart.o(.text)
    USART_Cmd                                0x08003b6d   Thumb Code    24  stm32f4xx_usart.o(.text)
    USART_SetPrescaler                       0x08003b85   Thumb Code    16  stm32f4xx_usart.o(.text)
    USART_OverSampling8Cmd                   0x08003b95   Thumb Code    22  stm32f4xx_usart.o(.text)
    USART_OneBitMethodCmd                    0x08003bab   Thumb Code    24  stm32f4xx_usart.o(.text)
    USART_SendData                           0x08003bc3   Thumb Code     8  stm32f4xx_usart.o(.text)
    USART_ReceiveData                        0x08003bcb   Thumb Code    10  stm32f4xx_usart.o(.text)
    USART_SetAddress                         0x08003bd5   Thumb Code    18  stm32f4xx_usart.o(.text)
    USART_ReceiverWakeUpCmd                  0x08003be7   Thumb Code    24  stm32f4xx_usart.o(.text)
    USART_WakeUpConfig                       0x08003bff   Thumb Code    18  stm32f4xx_usart.o(.text)
    USART_LINBreakDetectLengthConfig         0x08003c11   Thumb Code    18  stm32f4xx_usart.o(.text)
    USART_LINCmd                             0x08003c23   Thumb Code    24  stm32f4xx_usart.o(.text)
    USART_SendBreak                          0x08003c3b   Thumb Code    10  stm32f4xx_usart.o(.text)
    USART_HalfDuplexCmd                      0x08003c45   Thumb Code    24  stm32f4xx_usart.o(.text)
    USART_SetGuardTime                       0x08003c5d   Thumb Code    16  stm32f4xx_usart.o(.text)
    USART_SmartCardCmd                       0x08003c6d   Thumb Code    24  stm32f4xx_usart.o(.text)
    USART_SmartCardNACKCmd                   0x08003c85   Thumb Code    24  stm32f4xx_usart.o(.text)
    USART_IrDAConfig                         0x08003c9d   Thumb Code    18  stm32f4xx_usart.o(.text)
    USART_IrDACmd                            0x08003caf   Thumb Code    24  stm32f4xx_usart.o(.text)
    USART_DMACmd                             0x08003cc7   Thumb Code    18  stm32f4xx_usart.o(.text)
    USART_ITConfig                           0x08003cd9   Thumb Code    74  stm32f4xx_usart.o(.text)
    USART_GetFlagStatus                      0x08003d23   Thumb Code    26  stm32f4xx_usart.o(.text)
    USART_ClearFlag                          0x08003d3d   Thumb Code    18  stm32f4xx_usart.o(.text)
    USART_GetITStatus                        0x08003d4f   Thumb Code   110  stm32f4xx_usart.o(.text)
    USART_ClearITPendingBit                  0x08003dbd   Thumb Code    30  stm32f4xx_usart.o(.text)
    SystemInit                               0x08003eb9   Thumb Code    74  system_stm32f4xx.o(.text)
    SystemCoreClockUpdate                    0x08003f03   Thumb Code   174  system_stm32f4xx.o(.text)
    Reset_Handler                            0x08003fdd   Thumb Code     8  startup_stm32f4xx.o(.text)
    ADC_IRQHandler                           0x08003ff7   Thumb Code     0  startup_stm32f4xx.o(.text)
    CAN1_RX1_IRQHandler                      0x08003ff7   Thumb Code     0  startup_stm32f4xx.o(.text)
    CAN1_SCE_IRQHandler                      0x08003ff7   Thumb Code     0  startup_stm32f4xx.o(.text)
    CAN2_RX1_IRQHandler                      0x08003ff7   Thumb Code     0  startup_stm32f4xx.o(.text)
    CAN2_SCE_IRQHandler                      0x08003ff7   Thumb Code     0  startup_stm32f4xx.o(.text)
    CAN2_TX_IRQHandler                       0x08003ff7   Thumb Code     0  startup_stm32f4xx.o(.text)
    CRYP_IRQHandler                          0x08003ff7   Thumb Code     0  startup_stm32f4xx.o(.text)
    DCMI_IRQHandler                          0x08003ff7   Thumb Code     0  startup_stm32f4xx.o(.text)
    DMA1_Stream0_IRQHandler                  0x08003ff7   Thumb Code     0  startup_stm32f4xx.o(.text)
    DMA1_Stream1_IRQHandler                  0x08003ff7   Thumb Code     0  startup_stm32f4xx.o(.text)
    DMA1_Stream3_IRQHandler                  0x08003ff7   Thumb Code     0  startup_stm32f4xx.o(.text)
    DMA1_Stream5_IRQHandler                  0x08003ff7   Thumb Code     0  startup_stm32f4xx.o(.text)
    DMA1_Stream6_IRQHandler                  0x08003ff7   Thumb Code     0  startup_stm32f4xx.o(.text)
    DMA1_Stream7_IRQHandler                  0x08003ff7   Thumb Code     0  startup_stm32f4xx.o(.text)
    DMA2_Stream0_IRQHandler                  0x08003ff7   Thumb Code     0  startup_stm32f4xx.o(.text)
    DMA2_Stream1_IRQHandler                  0x08003ff7   Thumb Code     0  startup_stm32f4xx.o(.text)
    DMA2_Stream2_IRQHandler                  0x08003ff7   Thumb Code     0  startup_stm32f4xx.o(.text)
    DMA2_Stream3_IRQHandler                  0x08003ff7   Thumb Code     0  startup_stm32f4xx.o(.text)
    DMA2_Stream4_IRQHandler                  0x08003ff7   Thumb Code     0  startup_stm32f4xx.o(.text)
    DMA2_Stream6_IRQHandler                  0x08003ff7   Thumb Code     0  startup_stm32f4xx.o(.text)
    DMA2_Stream7_IRQHandler                  0x08003ff7   Thumb Code     0  startup_stm32f4xx.o(.text)
    ETH_IRQHandler                           0x08003ff7   Thumb Code     0  startup_stm32f4xx.o(.text)
    ETH_WKUP_IRQHandler                      0x08003ff7   Thumb Code     0  startup_stm32f4xx.o(.text)
    EXTI0_IRQHandler                         0x08003ff7   Thumb Code     0  startup_stm32f4xx.o(.text)
    EXTI15_10_IRQHandler                     0x08003ff7   Thumb Code     0  startup_stm32f4xx.o(.text)
    EXTI1_IRQHandler                         0x08003ff7   Thumb Code     0  startup_stm32f4xx.o(.text)
    EXTI2_IRQHandler                         0x08003ff7   Thumb Code     0  startup_stm32f4xx.o(.text)
    EXTI3_IRQHandler                         0x08003ff7   Thumb Code     0  startup_stm32f4xx.o(.text)
    EXTI4_IRQHandler                         0x08003ff7   Thumb Code     0  startup_stm32f4xx.o(.text)
    EXTI9_5_IRQHandler                       0x08003ff7   Thumb Code     0  startup_stm32f4xx.o(.text)
    FLASH_IRQHandler                         0x08003ff7   Thumb Code     0  startup_stm32f4xx.o(.text)
    FPU_IRQHandler                           0x08003ff7   Thumb Code     0  startup_stm32f4xx.o(.text)
    FSMC_IRQHandler                          0x08003ff7   Thumb Code     0  startup_stm32f4xx.o(.text)
    HASH_RNG_IRQHandler                      0x08003ff7   Thumb Code     0  startup_stm32f4xx.o(.text)
    I2C1_ER_IRQHandler                       0x08003ff7   Thumb Code     0  startup_stm32f4xx.o(.text)
    I2C1_EV_IRQHandler                       0x08003ff7   Thumb Code     0  startup_stm32f4xx.o(.text)
    I2C2_ER_IRQHandler                       0x08003ff7   Thumb Code     0  startup_stm32f4xx.o(.text)
    I2C2_EV_IRQHandler                       0x08003ff7   Thumb Code     0  startup_stm32f4xx.o(.text)
    I2C3_ER_IRQHandler                       0x08003ff7   Thumb Code     0  startup_stm32f4xx.o(.text)
    I2C3_EV_IRQHandler                       0x08003ff7   Thumb Code     0  startup_stm32f4xx.o(.text)
    OTG_FS_IRQHandler                        0x08003ff7   Thumb Code     0  startup_stm32f4xx.o(.text)
    OTG_FS_WKUP_IRQHandler                   0x08003ff7   Thumb Code     0  startup_stm32f4xx.o(.text)
    OTG_HS_EP1_IN_IRQHandler                 0x08003ff7   Thumb Code     0  startup_stm32f4xx.o(.text)
    OTG_HS_EP1_OUT_IRQHandler                0x08003ff7   Thumb Code     0  startup_stm32f4xx.o(.text)
    OTG_HS_IRQHandler                        0x08003ff7   Thumb Code     0  startup_stm32f4xx.o(.text)
    OTG_HS_WKUP_IRQHandler                   0x08003ff7   Thumb Code     0  startup_stm32f4xx.o(.text)
    PVD_IRQHandler                           0x08003ff7   Thumb Code     0  startup_stm32f4xx.o(.text)
    RCC_IRQHandler                           0x08003ff7   Thumb Code     0  startup_stm32f4xx.o(.text)
    RTC_Alarm_IRQHandler                     0x08003ff7   Thumb Code     0  startup_stm32f4xx.o(.text)
    RTC_WKUP_IRQHandler                      0x08003ff7   Thumb Code     0  startup_stm32f4xx.o(.text)
    SDIO_IRQHandler                          0x08003ff7   Thumb Code     0  startup_stm32f4xx.o(.text)
    SPI1_IRQHandler                          0x08003ff7   Thumb Code     0  startup_stm32f4xx.o(.text)
    SPI2_IRQHandler                          0x08003ff7   Thumb Code     0  startup_stm32f4xx.o(.text)
    SPI3_IRQHandler                          0x08003ff7   Thumb Code     0  startup_stm32f4xx.o(.text)
    TAMP_STAMP_IRQHandler                    0x08003ff7   Thumb Code     0  startup_stm32f4xx.o(.text)
    TIM1_BRK_TIM9_IRQHandler                 0x08003ff7   Thumb Code     0  startup_stm32f4xx.o(.text)
    TIM1_CC_IRQHandler                       0x08003ff7   Thumb Code     0  startup_stm32f4xx.o(.text)
    TIM1_TRG_COM_TIM11_IRQHandler            0x08003ff7   Thumb Code     0  startup_stm32f4xx.o(.text)
    TIM1_UP_TIM10_IRQHandler                 0x08003ff7   Thumb Code     0  startup_stm32f4xx.o(.text)
    TIM3_IRQHandler                          0x08003ff7   Thumb Code     0  startup_stm32f4xx.o(.text)
    TIM4_IRQHandler                          0x08003ff7   Thumb Code     0  startup_stm32f4xx.o(.text)
    TIM5_IRQHandler                          0x08003ff7   Thumb Code     0  startup_stm32f4xx.o(.text)
    TIM7_IRQHandler                          0x08003ff7   Thumb Code     0  startup_stm32f4xx.o(.text)
    TIM8_BRK_TIM12_IRQHandler                0x08003ff7   Thumb Code     0  startup_stm32f4xx.o(.text)
    TIM8_CC_IRQHandler                       0x08003ff7   Thumb Code     0  startup_stm32f4xx.o(.text)
    TIM8_TRG_COM_TIM14_IRQHandler            0x08003ff7   Thumb Code     0  startup_stm32f4xx.o(.text)
    TIM8_UP_TIM13_IRQHandler                 0x08003ff7   Thumb Code     0  startup_stm32f4xx.o(.text)
    UART4_IRQHandler                         0x08003ff7   Thumb Code     0  startup_stm32f4xx.o(.text)
    UART5_IRQHandler                         0x08003ff7   Thumb Code     0  startup_stm32f4xx.o(.text)
    USART2_IRQHandler                        0x08003ff7   Thumb Code     0  startup_stm32f4xx.o(.text)
    USART3_IRQHandler                        0x08003ff7   Thumb Code     0  startup_stm32f4xx.o(.text)
    USART6_IRQHandler                        0x08003ff7   Thumb Code     0  startup_stm32f4xx.o(.text)
    WWDG_IRQHandler                          0x08003ff7   Thumb Code     0  startup_stm32f4xx.o(.text)
    DMA_DeInit                               0x08004001   Thumb Code   324  stm32f4xx_dma.o(.text)
    DMA_Init                                 0x08004145   Thumb Code    82  stm32f4xx_dma.o(.text)
    DMA_StructInit                           0x08004197   Thumb Code    34  stm32f4xx_dma.o(.text)
    DMA_Cmd                                  0x080041b9   Thumb Code    22  stm32f4xx_dma.o(.text)
    DMA_PeriphIncOffsetSizeConfig            0x080041cf   Thumb Code    22  stm32f4xx_dma.o(.text)
    DMA_FlowControllerConfig                 0x080041e5   Thumb Code    22  stm32f4xx_dma.o(.text)
    DMA_SetCurrDataCounter                   0x080041fb   Thumb Code     4  stm32f4xx_dma.o(.text)
    DMA_GetCurrDataCounter                   0x080041ff   Thumb Code     8  stm32f4xx_dma.o(.text)
    DMA_DoubleBufferModeConfig               0x08004207   Thumb Code    24  stm32f4xx_dma.o(.text)
    DMA_DoubleBufferModeCmd                  0x0800421f   Thumb Code    22  stm32f4xx_dma.o(.text)
    DMA_MemoryTargetConfig                   0x08004235   Thumb Code    10  stm32f4xx_dma.o(.text)
    DMA_GetCurrentMemoryTarget               0x0800423f   Thumb Code    20  stm32f4xx_dma.o(.text)
    DMA_GetCmdStatus                         0x08004253   Thumb Code    20  stm32f4xx_dma.o(.text)
    DMA_GetFIFOStatus                        0x08004267   Thumb Code    12  stm32f4xx_dma.o(.text)
    DMA_GetFlagStatus                        0x08004273   Thumb Code    56  stm32f4xx_dma.o(.text)
    DMA_ClearFlag                            0x080042ab   Thumb Code    40  stm32f4xx_dma.o(.text)
    DMA_ITConfig                             0x080042d3   Thumb Code    58  stm32f4xx_dma.o(.text)
    DMA_GetITStatus                          0x0800430d   Thumb Code    84  stm32f4xx_dma.o(.text)
    DMA_ClearITPendingBit                    0x08004361   Thumb Code    40  stm32f4xx_dma.o(.text)
    __aeabi_fadd                             0x080043a9   Thumb Code   164  fadd.o(.text)
    __aeabi_fsub                             0x0800444d   Thumb Code     6  fadd.o(.text)
    __aeabi_frsub                            0x08004453   Thumb Code     6  fadd.o(.text)
    __aeabi_fmul                             0x08004459   Thumb Code   100  fmul.o(.text)
    __aeabi_fdiv                             0x080044bd   Thumb Code   124  fdiv.o(.text)
    __aeabi_dadd                             0x08004539   Thumb Code   322  dadd.o(.text)
    __aeabi_dsub                             0x0800467b   Thumb Code     6  dadd.o(.text)
    __aeabi_drsub                            0x08004681   Thumb Code     6  dadd.o(.text)
    __aeabi_dmul                             0x08004687   Thumb Code   228  dmul.o(.text)
    __aeabi_ddiv                             0x0800476b   Thumb Code   222  ddiv.o(.text)
    __aeabi_i2f                              0x08004849   Thumb Code    18  fflti.o(.text)
    __aeabi_i2d                              0x0800485b   Thumb Code    34  dflti.o(.text)
    __aeabi_f2iz                             0x0800487d   Thumb Code    50  ffixi.o(.text)
    __aeabi_f2d                              0x080048af   Thumb Code    38  f2d.o(.text)
    __aeabi_cdcmpeq                          0x080048d5   Thumb Code     0  cdcmple.o(.text)
    __aeabi_cdcmple                          0x080048d5   Thumb Code    48  cdcmple.o(.text)
    __aeabi_cdrcmple                         0x08004905   Thumb Code    48  cdrcmple.o(.text)
    __aeabi_d2f                              0x08004935   Thumb Code    56  d2f.o(.text)
    __aeabi_cfcmpeq                          0x0800496d   Thumb Code     0  cfcmple.o(.text)
    __aeabi_cfcmple                          0x0800496d   Thumb Code    20  cfcmple.o(.text)
    __aeabi_cfrcmple                         0x08004981   Thumb Code    20  cfrcmple.o(.text)
    __aeabi_llsl                             0x08004995   Thumb Code    30  llshl.o(.text)
    _ll_shift_l                              0x08004995   Thumb Code     0  llshl.o(.text)
    __aeabi_lasr                             0x080049b3   Thumb Code    36  llsshr.o(.text)
    _ll_sshift_r                             0x080049b3   Thumb Code     0  llsshr.o(.text)
    __I$use$fp                               0x080049d7   Thumb Code     0  iusefp.o(.text)
    _float_round                             0x080049d7   Thumb Code    18  fepilogue.o(.text)
    _float_epilogue                          0x080049e9   Thumb Code    92  fepilogue.o(.text)
    _double_round                            0x08004a45   Thumb Code    30  depilogue.o(.text)
    _double_epilogue                         0x08004a63   Thumb Code   156  depilogue.o(.text)
    __scatterload                            0x08004b01   Thumb Code    28  init.o(.text)
    __scatterload_rt2                        0x08004b01   Thumb Code     0  init.o(.text)
    __aeabi_llsr                             0x08004b25   Thumb Code    32  llushr.o(.text)
    _ll_ushift_r                             0x08004b25   Thumb Code     0  llushr.o(.text)
    __scatterload_copy                       0x08004b45   Thumb Code    14  handlers.o(i.__scatterload_copy)
    __scatterload_null                       0x08004b53   Thumb Code     2  handlers.o(i.__scatterload_null)
    __scatterload_zeroinit                   0x08004b55   Thumb Code    14  handlers.o(i.__scatterload_zeroinit)
    Region$$Table$$Base                      0x08004b64   Number         0  anon$$obj.o(Region$$Table)
    Region$$Table$$Limit                     0x08004b84   Number         0  anon$$obj.o(Region$$Table)
    d_error_201                              0x20000000   Data           4  app.o(.data)
    last_201_angle                           0x20000004   Data           4  app.o(.data)
    this_201_angle                           0x20000008   Data           4  app.o(.data)
    rate_201_angle                           0x2000000c   Data           4  app.o(.data)
    velocity_201_output                      0x20000010   Data           4  app.o(.data)
    position_201_output                      0x20000014   Data           4  app.o(.data)
    last_202_angle                           0x20000018   Data           4  app.o(.data)
    this_202_angle                           0x2000001c   Data           4  app.o(.data)
    rate_202_angle                           0x20000020   Data           4  app.o(.data)
    velocity_202_output                      0x20000024   Data           4  app.o(.data)
    position_202_output                      0x20000028   Data           4  app.o(.data)
    rate_201                                 0x2000002c   Data           4  app.o(.data)
    buf_cnt                                  0x20000030   Data           1  app.o(.data)
    encoder_cnt                              0x20000034   Data           4  app.o(.data)
    InitFlag                                 0x20000038   Data           1  app.o(.data)
    TimeCnt                                  0x20000039   Data           1  app.o(.data)
    Can1_CNT                                 0x2000006c   Data           2  can1.o(.data)
    encoder_201                              0x2000006e   Data           2  can1.o(.data)
    encoder_202                              0x20000070   Data           2  can1.o(.data)
    encoder_202_RAW                          0x20000072   Data           2  can1.o(.data)
    encoder_203                              0x20000074   Data           2  can1.o(.data)
    phaseZ_201                               0x20000076   Data           2  can1.o(.data)
    phaseZ_202                               0x20000078   Data           2  can1.o(.data)
    current_201                              0x2000007a   Data           2  can1.o(.data)
    current_202                              0x2000007c   Data           2  can1.o(.data)
    CurrCnt_201                              0x2000007e   Data           2  can1.o(.data)
    CurrCnt_202                              0x20000080   Data           2  can1.o(.data)
    CurrInt_201                              0x20000084   Data           4  can1.o(.data)
    CurrInt_202                              0x20000088   Data           4  can1.o(.data)
    encoder_bias_201                         0x2000008c   Data           2  can1.o(.data)
    encoder_bias_202                         0x2000008e   Data           2  can1.o(.data)
    OverCurr_flag                            0x20000090   Data           1  can1.o(.data)
    can_tx_success_flag                      0x20000091   Data           1  can1.o(.data)
    gyro_ok_flag                             0x20000094   Data           1  can2.o(.data)
    YAW_Angle                                0x20000098   Data           4  can2.o(.data)
    this_yaw_angle                           0x2000009c   Data           4  can2.o(.data)
    last_yaw_angle                           0x200000a0   Data           4  can2.o(.data)
    turn_cnt                                 0x200000a4   Data           4  can2.o(.data)
    dipan_gyro_angle                         0x200000a8   Data           4  can2.o(.data)
    temp_dipan_gyro                          0x200000ac   Data           4  can2.o(.data)
    temp_yaw_angle                           0x200000b0   Data           4  can2.o(.data)
    temp_pitch                               0x200000b4   Data           4  can2.o(.data)
    temp_yaw                                 0x200000b8   Data           4  can2.o(.data)
    shooting_flag                            0x200000bc   Data           1  can2.o(.data)
    mode_flag                                0x200000bd   Data           1  can2.o(.data)
    target_pitch_angle                       0x200000c0   Data           4  can2.o(.data)
    target_yaw_angle                         0x200000c4   Data           4  can2.o(.data)
    SYS_INIT_OK                              0x200000c8   Data           1  tim6.o(.data)
    timer2_clock                             0x200000cc   Data           4  tim6.o(.data)
    timer2_clock1                            0x200000d0   Data           2  tim6.o(.data)
    timer2_clock2                            0x200000d2   Data           2  tim6.o(.data)
    timer2_clock3                            0x200000d4   Data           4  tim6.o(.data)
    timer2_clock4                            0x200000d8   Data           4  tim6.o(.data)
    SystemCoreClock                          0x200000ec   Data           4  system_stm32f4xx.o(.data)
    AHBPrescTable                            0x200000f0   Data          16  system_stm32f4xx.o(.data)
    rate_201_temp                            0x20000100   Data          40  app.o(.bss)
    CurrTemp_201                             0x20000134   Data         200  can1.o(.bss)
    CurrTemp_202                             0x200001fc   Data         200  can1.o(.bss)
    Camera_Data                              0x200002c4   Data          12  usart2.o(.bss)
    __initial_sp                             0x200006d0   Data           0  startup_stm32f4xx.o(STACK)



==============================================================================

Memory Map of the image

  Image Entry point : 0x08000189

  Load Region LR_IROM1 (Base: 0x08000000, Size: 0x00004c84, Max: 0x00100000, ABSOLUTE)

    Execution Region ER_IROM1 (Base: 0x08000000, Size: 0x00004b84, Max: 0x00100000, ABSOLUTE)

    Base Addr    Size         Type   Attr      Idx    E Section Name        Object

    0x08000000   0x00000188   Data   RO          727    RESET               startup_stm32f4xx.o
    0x08000188   0x00000000   Code   RO          841  * .ARM.Collect$$$$00000000  mc_w.l(entry.o)
    0x08000188   0x00000004   Code   RO         1163    .ARM.Collect$$$$00000001  mc_w.l(entry2.o)
    0x0800018c   0x00000004   Code   RO         1166    .ARM.Collect$$$$00000004  mc_w.l(entry5.o)
    0x08000190   0x00000000   Code   RO         1168    .ARM.Collect$$$$00000008  mc_w.l(entry7b.o)
    0x08000190   0x00000000   Code   RO         1170    .ARM.Collect$$$$0000000A  mc_w.l(entry8b.o)
    0x08000190   0x00000008   Code   RO         1171    .ARM.Collect$$$$0000000B  mc_w.l(entry9a.o)
    0x08000198   0x00000000   Code   RO         1173    .ARM.Collect$$$$0000000D  mc_w.l(entry10a.o)
    0x08000198   0x00000000   Code   RO         1175    .ARM.Collect$$$$0000000F  mc_w.l(entry11a.o)
    0x08000198   0x00000004   Code   RO         1164    .ARM.Collect$$$$00002712  mc_w.l(entry2.o)
    0x0800019c   0x0000001e   Code   RO            3    .text               stm32f4xx_it.o
    0x080001ba   0x00000002   PAD
    0x080001bc   0x00000644   Code   RO          124    .text               app.o
    0x08000800   0x0000004c   Code   RO          204    .text               main.o
    0x0800084c   0x00000028   Code   RO          313    .text               bsp.o
    0x08000874   0x000007e4   Code   RO          337    .text               can1.o
    0x08001058   0x000005c0   Code   RO          364    .text               can2.o
    0x08001618   0x00000188   Code   RO          390    .text               usart1.o
    0x080017a0   0x00000036   Code   RO          410    .text               delay.o
    0x080017d6   0x00000002   PAD
    0x080017d8   0x00000128   Code   RO          430    .text               tim6.o
    0x08001900   0x00000044   Code   RO          456    .text               led.o
    0x08001944   0x00000124   Code   RO          496    .text               usart2.o
    0x08001a68   0x000000e0   Code   RO          539    .text               misc.o
    0x08001b48   0x00000ca2   Code   RO          559    .text               stm32f4xx_tim.o
    0x080027ea   0x00000002   PAD
    0x080027ec   0x00000588   Code   RO          579    .text               stm32f4xx_rcc.o
    0x08002d74   0x000009f0   Code   RO          601    .text               stm32f4xx_can.o
    0x08003764   0x0000025c   Code   RO          641    .text               stm32f4xx_gpio.o
    0x080039c0   0x0000041a   Code   RO          661    .text               stm32f4xx_usart.o
    0x08003dda   0x00000002   PAD
    0x08003ddc   0x00000200   Code   RO          701    .text               system_stm32f4xx.o
    0x08003fdc   0x00000024   Code   RO          728    .text               startup_stm32f4xx.o
    0x08004000   0x000003a8   Code   RO          797    .text               stm32f4xx_dma.o
    0x080043a8   0x000000b0   Code   RO         1104    .text               mf_w.l(fadd.o)
    0x08004458   0x00000064   Code   RO         1106    .text               mf_w.l(fmul.o)
    0x080044bc   0x0000007c   Code   RO         1108    .text               mf_w.l(fdiv.o)
    0x08004538   0x0000014e   Code   RO         1110    .text               mf_w.l(dadd.o)
    0x08004686   0x000000e4   Code   RO         1112    .text               mf_w.l(dmul.o)
    0x0800476a   0x000000de   Code   RO         1114    .text               mf_w.l(ddiv.o)
    0x08004848   0x00000012   Code   RO         1116    .text               mf_w.l(fflti.o)
    0x0800485a   0x00000022   Code   RO         1118    .text               mf_w.l(dflti.o)
    0x0800487c   0x00000032   Code   RO         1120    .text               mf_w.l(ffixi.o)
    0x080048ae   0x00000026   Code   RO         1122    .text               mf_w.l(f2d.o)
    0x080048d4   0x00000030   Code   RO         1124    .text               mf_w.l(cdcmple.o)
    0x08004904   0x00000030   Code   RO         1126    .text               mf_w.l(cdrcmple.o)
    0x08004934   0x00000038   Code   RO         1128    .text               mf_w.l(d2f.o)
    0x0800496c   0x00000014   Code   RO         1130    .text               mf_w.l(cfcmple.o)
    0x08004980   0x00000014   Code   RO         1132    .text               mf_w.l(cfrcmple.o)
    0x08004994   0x0000001e   Code   RO         1182    .text               mc_w.l(llshl.o)
    0x080049b2   0x00000024   Code   RO         1184    .text               mc_w.l(llsshr.o)
    0x080049d6   0x00000000   Code   RO         1193    .text               mc_w.l(iusefp.o)
    0x080049d6   0x0000006e   Code   RO         1194    .text               mf_w.l(fepilogue.o)
    0x08004a44   0x000000ba   Code   RO         1196    .text               mf_w.l(depilogue.o)
    0x08004afe   0x00000002   PAD
    0x08004b00   0x00000024   Code   RO         1204    .text               mc_w.l(init.o)
    0x08004b24   0x00000020   Code   RO         1206    .text               mc_w.l(llushr.o)
    0x08004b44   0x0000000e   Code   RO         1210    i.__scatterload_copy  mc_w.l(handlers.o)
    0x08004b52   0x00000002   Code   RO         1211    i.__scatterload_null  mc_w.l(handlers.o)
    0x08004b54   0x0000000e   Code   RO         1212    i.__scatterload_zeroinit  mc_w.l(handlers.o)
    0x08004b62   0x00000002   PAD
    0x08004b64   0x00000020   Data   RO         1208    Region$$Table       anon$$obj.o


    Execution Region RW_IRAM1 (Base: 0x20000000, Size: 0x000006d0, Max: 0x00020000, ABSOLUTE)

    Base Addr    Size         Type   Attr      Idx    E Section Name        Object

    0x20000000   0x0000006c   Data   RW          126    .data               app.o
    0x2000006c   0x00000026   Data   RW          339    .data               can1.o
    0x20000092   0x00000002   PAD
    0x20000094   0x00000034   Data   RW          365    .data               can2.o
    0x200000c8   0x00000014   Data   RW          431    .data               tim6.o
    0x200000dc   0x00000010   Data   RW          580    .data               stm32f4xx_rcc.o
    0x200000ec   0x00000014   Data   RW          702    .data               system_stm32f4xx.o
    0x20000100   0x00000034   Zero   RW          125    .bss                app.o
    0x20000134   0x00000190   Zero   RW          338    .bss                can1.o
    0x200002c4   0x0000000c   Zero   RW          497    .bss                usart2.o
    0x200002d0   0x00000400   Zero   RW          725    STACK               startup_stm32f4xx.o


==============================================================================

Image component sizes


      Code (inc. data)   RO Data    RW Data    ZI Data      Debug   Object Name

      1604        228          0        108         52       4361   app.o
        40          0          0          0          0        569   bsp.o
      2020        152          0         38        400       5931   can1.o
      1472        132          0         52          0       3182   can2.o
        54          0          0          0          0        840   delay.o
        68          4          0          0          0        556   led.o
        76         10          0          0          0        559   main.o
       224         20          0          0          0       1917   misc.o
        36          8        392          0       1024        868   startup_stm32f4xx.o
      2544         38          0          0          0       7920   stm32f4xx_can.o
       936         32          0          0          0       6345   stm32f4xx_dma.o
       604         36          0          0          0       4017   stm32f4xx_gpio.o
        30          0          0          0          0     282534   stm32f4xx_it.o
      1416         48          0         16          0      11047   stm32f4xx_rcc.o
      3234         60          0          0          0      22248   stm32f4xx_tim.o
      1050         26          0          0          0       7720   stm32f4xx_usart.o
       512         44          0         20          0       1987   system_stm32f4xx.o
       296         30          0         20          0       1819   tim6.o
       392         10          0          0          0       2261   usart1.o
       292         26          0          0         12       1641   usart2.o

    ----------------------------------------------------------------------
     16908        904        424        256       1488     368322   Object Totals
         0          0         32          0          0          0   (incl. Generated)
         8          0          0          2          0          0   (incl. Padding)

    ----------------------------------------------------------------------

      Code (inc. data)   RO Data    RW Data    ZI Data      Debug   Library Member Name

         0          0          0          0          0          0   entry.o
         0          0          0          0          0          0   entry10a.o
         0          0          0          0          0          0   entry11a.o
         8          4          0          0          0          0   entry2.o
         4          0          0          0          0          0   entry5.o
         0          0          0          0          0          0   entry7b.o
         0          0          0          0          0          0   entry8b.o
         8          4          0          0          0          0   entry9a.o
        30          0          0          0          0          0   handlers.o
        36          8          0          0          0         68   init.o
         0          0          0          0          0          0   iusefp.o
        30          0          0          0          0         68   llshl.o
        36          0          0          0          0         68   llsshr.o
        32          0          0          0          0         68   llushr.o
        48          0          0          0          0         68   cdcmple.o
        48          0          0          0          0         68   cdrcmple.o
        20          0          0          0          0         68   cfcmple.o
        20          0          0          0          0         68   cfrcmple.o
        56          0          0          0          0         88   d2f.o
       334          0          0          0          0        148   dadd.o
       222          0          0          0          0        100   ddiv.o
       186          0          0          0          0        176   depilogue.o
        34          0          0          0          0         76   dflti.o
       228          0          0          0          0         96   dmul.o
        38          0          0          0          0         68   f2d.o
       176          0          0          0          0        140   fadd.o
       124          0          0          0          0         88   fdiv.o
       110          0          0          0          0        168   fepilogue.o
        50          0          0          0          0         68   ffixi.o
        18          0          0          0          0         68   fflti.o
       100          0          0          0          0         76   fmul.o

    ----------------------------------------------------------------------
      2000         16          0          0          0       1904   Library Totals
         4          0          0          0          0          0   (incl. Padding)

    ----------------------------------------------------------------------

      Code (inc. data)   RO Data    RW Data    ZI Data      Debug   Library Name

       184         16          0          0          0        272   mc_w.l
      1812          0          0          0          0       1632   mf_w.l

    ----------------------------------------------------------------------
      2000         16          0          0          0       1904   Library Totals

    ----------------------------------------------------------------------

==============================================================================


      Code (inc. data)   RO Data    RW Data    ZI Data      Debug   

     18908        920        424        256       1488     367830   Grand Totals
     18908        920        424        256       1488     367830   ELF Image Totals
     18908        920        424        256          0          0   ROM Totals

==============================================================================

    Total RO  Size (Code + RO Data)                19332 (  18.88kB)
    Total RW  Size (RW Data + ZI Data)              1744 (   1.70kB)
    Total ROM Size (Code + RO Data + RW Data)      19588 (  19.13kB)

==============================================================================

