<html>
<body>
<pre>
<h1>礦ision Build Log</h1>
<h2>Tool Versions:</h2>
IDE-Version: μVision V5.14.0.0
Copyright (C) 2015 ARM Ltd and ARM Germany GmbH. All rights reserved.
License Information: Qi Te, Texot, LIC=Y2BVE-5RTWS-IMF9B-2EIUF-WBZKX-HTEU5
 
Tool Versions:
Toolchain:       MDK-ARM Professional  Version: 5.14.0.0
Toolchain Path:  C:\Keil_v5\ARM\ARMCC\Bin
C Compiler:      Armcc.exe V5.05 update 1 (build 106)
Assembler:       Armasm.exe V5.05 update 1 (build 106)
Linker/Locator:  ArmLink.exe V5.05 update 1 (build 106)
Library Manager: ArmAr.exe V5.05 update 1 (build 106)
Hex Converter:   FromElf.exe V5.05 update 1 (build 106)
CPU DLL:         SARMCM3.DLL V5.14.0.0
Dialog DLL:      DCM.DLL V1.13.1.0
Target DLL:      Segger\JL2CM3.dll V2.99.13.0
Dialog DLL:      TCM.DLL V1.14.4.0
 
<h2>Project:</h2>
Y:\My\Projects\RoboMasters\2014 Robomasters资料\2014 Robomasters资料\STM32F405 云台主控\STM32F405RGT6_Gimbal_for Summer camp7.3\Project\STM32F4.uvproj
Project File Date:  07/22/2014

<h2>Output:</h2>
Build target 'STM32F4'
compiling main.c...
..\User\main.c(34): warning:  #111-D: statement is unreachable
          CAN1_Configuration();//云台控制CAN总线
..\User\main.c(8): warning:  #177-D: variable "flag" was declared but never referenced
          int32_t flag; 
..\User\main.c: 2 warnings, 0 errors
linking...
Program Size: Code=18908 RO-data=424 RW-data=256 ZI-data=1488  
".\Objects\STM32F4.axf" - 0 Error(s), 2 Warning(s).
</pre>
</body>
</html>
